Component: ARM Compiler 5.06 update 6 (build 750) Tool: armlink [4d35ed]

==============================================================================

Section Cross References

    startup_stm32f407xx.o(STACK) refers (Special) to heapauxi.o(.text) for __use_two_region_memory
    startup_stm32f407xx.o(HEAP) refers (Special) to heapauxi.o(.text) for __use_two_region_memory
    startup_stm32f407xx.o(RESET) refers (Special) to heapauxi.o(.text) for __use_two_region_memory
    startup_stm32f407xx.o(RESET) refers to startup_stm32f407xx.o(STACK) for __initial_sp
    startup_stm32f407xx.o(RESET) refers to startup_stm32f407xx.o(.text) for Reset_Handler
    startup_stm32f407xx.o(RESET) refers to stm32f4xx_it.o(i.NMI_Handler) for NMI_Handler
    startup_stm32f407xx.o(RESET) refers to stm32f4xx_it.o(i.HardFault_Handler) for HardFault_Handler
    startup_stm32f407xx.o(RESET) refers to stm32f4xx_it.o(i.MemManage_Handler) for MemManage_Handler
    startup_stm32f407xx.o(RESET) refers to stm32f4xx_it.o(i.BusFault_Handler) for BusFault_Handler
    startup_stm32f407xx.o(RESET) refers to stm32f4xx_it.o(i.UsageFault_Handler) for UsageFault_Handler
    startup_stm32f407xx.o(RESET) refers to port.o(.emb_text) for SVC_Handler
    startup_stm32f407xx.o(RESET) refers to stm32f4xx_it.o(i.DebugMon_Handler) for DebugMon_Handler
    startup_stm32f407xx.o(RESET) refers to port.o(i.SysTick_Handler) for SysTick_Handler
    startup_stm32f407xx.o(RESET) refers to stm32f4xx_it.o(i.CAN1_RX0_IRQHandler) for CAN1_RX0_IRQHandler
    startup_stm32f407xx.o(RESET) refers to stm32f4xx_it.o(i.TIM1_UP_TIM10_IRQHandler) for TIM1_UP_TIM10_IRQHandler
    startup_stm32f407xx.o(RESET) refers to stm32f4xx_it.o(i.USART1_IRQHandler) for USART1_IRQHandler
    startup_stm32f407xx.o(RESET) refers to stm32f4xx_it.o(i.CAN2_RX0_IRQHandler) for CAN2_RX0_IRQHandler
    startup_stm32f407xx.o(.text) refers (Special) to heapauxi.o(.text) for __use_two_region_memory
    startup_stm32f407xx.o(.text) refers to system_stm32f4xx.o(i.SystemInit) for SystemInit
    startup_stm32f407xx.o(.text) refers to __main.o(!!!main) for __main
    startup_stm32f407xx.o(.text) refers to startup_stm32f407xx.o(HEAP) for Heap_Mem
    startup_stm32f407xx.o(.text) refers to startup_stm32f407xx.o(STACK) for Stack_Mem
    main.o(i.HAL_TIM_PeriodElapsedCallback) refers to stm32f4xx_hal.o(i.HAL_IncTick) for HAL_IncTick
    main.o(i.SystemClock_Config) refers to rt_memclr_w.o(.text) for __aeabi_memclr4
    main.o(i.SystemClock_Config) refers to stm32f4xx_hal_rcc.o(i.HAL_RCC_OscConfig) for HAL_RCC_OscConfig
    main.o(i.SystemClock_Config) refers to stm32f4xx_hal_rcc.o(i.HAL_RCC_ClockConfig) for HAL_RCC_ClockConfig
    main.o(i.main) refers to stm32f4xx_hal.o(i.HAL_Init) for HAL_Init
    main.o(i.main) refers to main.o(i.SystemClock_Config) for SystemClock_Config
    main.o(i.main) refers to gpio.o(i.MX_GPIO_Init) for MX_GPIO_Init
    main.o(i.main) refers to can.o(i.MX_CAN1_Init) for MX_CAN1_Init
    main.o(i.main) refers to can.o(i.MX_CAN2_Init) for MX_CAN2_Init
    main.o(i.main) refers to usart.o(i.MX_USART1_UART_Init) for MX_USART1_UART_Init
    main.o(i.main) refers to appobd.o(i.copyDtcFromFlash) for copyDtcFromFlash
    main.o(i.main) refers to appobd.o(i.countDTC) for countDTC
    main.o(i.main) refers to isotp_user.o(i.CANMultiInit) for CANMultiInit
    main.o(i.main) refers to freertos.o(i.MX_FREERTOS_Init) for MX_FREERTOS_Init
    main.o(i.main) refers to cmsis_os.o(i.osKernelStart) for osKernelStart
    main.o(i.main) refers to appobd.o(.data) for DTCnumber
    main.o(i.main) refers to main.o(.data) for .data
    gpio.o(i.HAL_GPIO_EXTI_Callback) refers to stm32f4xx_hal_gpio.o(i.HAL_GPIO_WritePin) for HAL_GPIO_WritePin
    gpio.o(i.HAL_GPIO_EXTI_Callback) refers to stm32f4xx_hal_uart.o(i.HAL_UART_Receive_IT) for HAL_UART_Receive_IT
    gpio.o(i.HAL_GPIO_EXTI_Callback) refers to ble_app.o(.data) for RxTemp
    gpio.o(i.HAL_GPIO_EXTI_Callback) refers to usart.o(.bss) for huart1
    gpio.o(i.MX_GPIO_Init) refers to rt_memclr_w.o(.text) for __aeabi_memclr4
    gpio.o(i.MX_GPIO_Init) refers to stm32f4xx_hal_gpio.o(i.HAL_GPIO_WritePin) for HAL_GPIO_WritePin
    gpio.o(i.MX_GPIO_Init) refers to stm32f4xx_hal_gpio.o(i.HAL_GPIO_Init) for HAL_GPIO_Init
    gpio.o(i.toggleLeds) refers to stm32f4xx_hal_gpio.o(i.HAL_GPIO_WritePin) for HAL_GPIO_WritePin
    gpio.o(i.toggleLeds) refers to stm32f4xx_hal_gpio.o(i.HAL_GPIO_TogglePin) for HAL_GPIO_TogglePin
    gpio.o(i.toggleLeds) refers to ble_app.o(.data) for isBLEConnect
    gpio.o(i.toggleLeds) refers to can.o(.data) for CANDataAvalFlag
    gpio.o(i.toggleLeds) refers to isotp_user.o(.data) for isOBDConnect
    freertos.o(i.BleMainTask) refers to ble_app.o(i.enableBLE) for enableBLE
    freertos.o(i.BleMainTask) refers to ble_app.o(i.checkBLEConnectStatus) for checkBLEConnectStatus
    freertos.o(i.BleMainTask) refers to ble_app.o(i.sendAllBLEMsg) for sendAllBLEMsg
[...]
    .bss                                     0x200044b0   Section       40  bsp_usartx_cc2541.o(.bss)
    .bss                                     0x200044d8   Section      680  isotp_user.o(.bss)
    g_phylink                                0x20004558   Data          64  isotp_user.o(.bss)
    g_funclink                               0x20004598   Data          64  isotp_user.o(.bss)
    g_isotpPhyRecvBuf                        0x200045d8   Data         100  isotp_user.o(.bss)
    g_isotpPhySendBuf                        0x2000463c   Data         100  isotp_user.o(.bss)
    g_isotpFuncRecvBuf                       0x200046a0   Data         100  isotp_user.o(.bss)
    g_isotpFuncSendBuf                       0x20004704   Data         100  isotp_user.o(.bss)
    .bss                                     0x20004780   Section       96  libspace.o(.bss)
    HEAP                                     0x200047e0   Section      512  startup_stm32f407xx.o(HEAP)
    Heap_Mem                                 0x200047e0   Data         512  startup_stm32f407xx.o(HEAP)
    STACK                                    0x200049e0   Section     1024  startup_stm32f407xx.o(STACK)
    Stack_Mem                                0x200049e0   Data        1024  startup_stm32f407xx.o(STACK)
    __initial_sp                             0x20004de0   Data           0  startup_stm32f407xx.o(STACK)

    Global Symbols

    Symbol Name                              Value     Ov Type        Size  Object(Section)

    BuildAttributes$$THM_ISAv4$E$P$D$K$B$S$7EM$VFPi3$EXTD16$VFPS$VFMA$PE$A:L22UL41UL21$X:L11$S22US41US21$IEEE1$IW$USESV6$~STKCKD$USESV7$~SHL$OSPACE$ROPI$EBA8$UX$STANDARDLIB$REQ8$PRES8$EABIv2 0x00000000   Number         0  anon$$obj.o ABSOLUTE
    __ARM_use_no_argv                        0x00000000   Number         0  main.o ABSOLUTE
    __ARM_exceptions_init                     - Undefined Weak Reference
    __alloca_initialize                       - Undefined Weak Reference
    __arm_preinit_                            - Undefined Weak Reference
    __cpp_initialize__aeabi_                  - Undefined Weak Reference
    __cxa_finalize                            - Undefined Weak Reference
    __rt_locale                               - Undefined Weak Reference
    __sigvec_lookup                           - Undefined Weak Reference
    _atexit_init                              - Undefined Weak Reference
    _call_atexit_fns                          - Undefined Weak Reference
    _clock_init                               - Undefined Weak Reference
    _fp_trap_init                             - Undefined Weak Reference
    _fp_trap_shutdown                         - Undefined Weak Reference
    _get_lc_collate                           - Undefined Weak Reference
    _get_lc_ctype                             - Undefined Weak Reference
    _get_lc_monetary                          - Undefined Weak Reference
    _get_lc_numeric                           - Undefined Weak Reference
    _get_lc_time                              - Undefined Weak Reference
    _getenv_init                              - Undefined Weak Reference
    _handle_redirection                       - Undefined Weak Reference
    _init_alloc                               - Undefined Weak Reference
    _init_user_alloc                          - Undefined Weak Reference
    _initio                                   - Undefined Weak Reference
    _printf_post_padding                      - Undefined Weak Reference
    _printf_pre_padding                       - Undefined Weak Reference
    _printf_truncate_signed                   - Undefined Weak Reference
    _printf_truncate_unsigned                 - Undefined Weak Reference
    _rand_init                                - Undefined Weak Reference
    _signal_finish                            - Undefined Weak Reference
    _signal_init                              - Undefined Weak Reference
    _terminate_alloc                          - Undefined Weak Reference
    _terminate_user_alloc                     - Undefined Weak Reference
    _terminateio                              - Undefined Weak Reference
    __Vectors_Size                           0x00000188   Number         0  startup_stm32f407xx.o ABSOLUTE
    __Vectors                                0x08000000   Data           4  startup_stm32f407xx.o(RESET)
    __Vectors_End                            0x08000188   Data           0  startup_stm32f407xx.o(RESET)
    __main                                   0x08000189   Thumb Code     8  __main.o(!!!main)
    __scatterload                            0x08000191   Thumb Code     0  __scatter.o(!!!scatter)
    __scatterload_rt2                        0x08000191   Thumb Code    44  __scatter.o(!!!scatter)
    __scatterload_rt2_thumb_only             0x08000191   Thumb Code     0  __scatter.o(!!!scatter)
    __scatterload_null                       0x0800019f   Thumb Code     0  __scatter.o(!!!scatter)
    __decompress                             0x080001c5   Thumb Code    90  __dczerorl2.o(!!dczerorl2)
    __decompress1                            0x080001c5   Thumb Code     0  __dczerorl2.o(!!dczerorl2)
    __scatterload_zeroinit                   0x08000221   Thumb Code    28  __scatter_zi.o(!!handler_zi)
    _printf_d                                0x0800023d   Thumb Code     0  _printf_d.o(.ARM.Collect$$_printf_percent$$00000009)
    _printf_percent                          0x0800023d   Thumb Code     0  _printf_percent.o(.ARM.Collect$$_printf_percent$$00000000)
    _printf_percent_end                      0x08000243   Thumb Code     0  _printf_percent_end.o(.ARM.Collect$$_printf_percent$$00000017)
    __rt_lib_init                            0x08000247   Thumb Code     0  libinit.o(.ARM.Collect$$libinit$$00000000)
    __rt_lib_init_fp_1                       0x08000249   Thumb Code     0  libinit2.o(.ARM.Collect$$libinit$$00000001)
    __rt_lib_init_alloca_1                   0x0800024d   Thumb Code     0  libinit2.o(.ARM.Collect$$libinit$$0000002E)
    __rt_lib_init_argv_1                     0x0800024d   Thumb Code     0  libinit2.o(.ARM.Collect$$libinit$$0000002C)
    __rt_lib_init_atexit_1                   0x0800024d   Thumb Code     0  libinit2.o(.ARM.Collect$$libinit$$0000001B)
    __rt_lib_init_clock_1                    0x0800024d   Thumb Code     0  libinit2.o(.ARM.Collect$$libinit$$00000021)
    __rt_lib_init_cpp_1                      0x0800024d   Thumb Code     0  libinit2.o(.ARM.Collect$$libinit$$00000032)
    __rt_lib_init_exceptions_1               0x0800024d   Thumb Code     0  libinit2.o(.ARM.Collect$$libinit$$00000030)
    __rt_lib_init_fp_trap_1                  0x0800024d   Thumb Code     0  libinit2.o(.ARM.Collect$$libinit$$0000001F)
    __rt_lib_init_getenv_1                   0x0800024d   Thumb Code     0  libinit2.o(.ARM.Collect$$libinit$$00000023)
    __rt_lib_init_heap_1                     0x0800024d   Thumb Code     0  libinit2.o(.ARM.Collect$$libinit$$0000000A)
    __rt_lib_init_lc_collate_1               0x0800024d   Thumb Code     0  libinit2.o(.ARM.Collect$$libinit$$00000011)
    __rt_lib_init_lc_ctype_1                 0x0800024d   Thumb Code     0  libinit2.o(.ARM.Collect$$libinit$$00000013)
    __rt_lib_init_lc_monetary_1              0x0800024d   Thumb Code     0  libinit2.o(.ARM.Collect$$libinit$$00000015)
    __rt_lib_init_lc_numeric_1               0x0800024d   Thumb Code     0  libinit2.o(.ARM.Collect$$libinit$$00000017)
    __rt_lib_init_lc_time_1                  0x0800024d   Thumb Code     0  libinit2.o(.ARM.Collect$$libinit$$00000019)
    __rt_lib_init_preinit_1                  0x0800024d   Thumb Code     0  libinit2.o(.ARM.Collect$$libinit$$00000004)
    __rt_lib_init_rand_1                     0x0800024d   Thumb Code     0  libinit2.o(.ARM.Collect$$libinit$$0000000E)
    __rt_lib_init_return                     0x0800024d   Thumb Code     0  libinit2.o(.ARM.Collect$$libinit$$00000033)
    __rt_lib_init_signal_1                   0x0800024d   Thumb Code     0  libinit2.o(.ARM.Collect$$libinit$$0000001D)
    __rt_lib_init_stdio_1                    0x0800024d   Thumb Code     0  libinit2.o(.ARM.Collect$$libinit$$00000025)
    __rt_lib_init_user_alloc_1               0x0800024d   Thumb Code     0  libinit2.o(.ARM.Collect$$libinit$$0000000C)
    __rt_lib_shutdown                        0x0800024f   Thumb Code     0  libshutdown.o(.ARM.Collect$$libshutdown$$00000000)
    __rt_lib_shutdown_cpp_1                  0x08000251   Thumb Code     0  libshutdown2.o(.ARM.Collect$$libshutdown$$00000002)
    __rt_lib_shutdown_fp_trap_1              0x08000251   Thumb Code     0  libshutdown2.o(.ARM.Collect$$libshutdown$$00000007)
    __rt_lib_shutdown_heap_1                 0x08000251   Thumb Code     0  libshutdown2.o(.ARM.Collect$$libshutdown$$0000000F)
    __rt_lib_shutdown_return                 0x08000251   Thumb Code     0  libshutdown2.o(.ARM.Collect$$libshutdown$$00000010)
    __rt_lib_shutdown_signal_1               0x08000251   Thumb Code     0  libshutdown2.o(.ARM.Collect$$libshutdown$$0000000A)
    __rt_lib_shutdown_stdio_1                0x08000251   Thumb Code     0  libshutdown2.o(.ARM.Collect$$libshutdown$$00000004)
    __rt_lib_shutdown_user_alloc_1           0x08000251   Thumb Code     0  libshutdown2.o(.ARM.Collect$$libshutdown$$0000000C)
    __rt_entry                               0x08000253   Thumb Code     0  __rtentry.o(.ARM.Collect$$rtentry$$00000000)
    __rt_entry_presh_1                       0x08000253   Thumb Code     0  __rtentry2.o(.ARM.Collect$$rtentry$$00000002)
    __rt_entry_sh                            0x08000253   Thumb Code     0  __rtentry4.o(.ARM.Collect$$rtentry$$00000004)
    __rt_entry_li                            0x08000259   Thumb Code     0  __rtentry2.o(.ARM.Collect$$rtentry$$0000000A)
    __rt_entry_postsh_1                      0x08000259   Thumb Code     0  __rtentry2.o(.ARM.Collect$$rtentry$$00000009)
    __rt_entry_main                          0x0800025d   Thumb Code     0  __rtentry2.o(.ARM.Collect$$rtentry$$0000000D)
    __rt_entry_postli_1                      0x0800025d   Thumb Code     0  __rtentry2.o(.ARM.Collect$$rtentry$$0000000C)
    __rt_exit                                0x08000265   Thumb Code     0  rtexit.o(.ARM.Collect$$rtexit$$00000000)
    __rt_exit_ls                             0x08000267   Thumb Code     0  rtexit2.o(.ARM.Collect$$rtexit$$00000003)
    __rt_exit_prels_1                        0x08000267   Thumb Code     0  rtexit2.o(.ARM.Collect$$rtexit$$00000002)
    __rt_exit_exit                           0x0800026b   Thumb Code     0  rtexit2.o(.ARM.Collect$$rtexit$$00000004)
    SVC_Handler                              0x08000271   Thumb Code    28  port.o(.emb_text)
    __asm___6_port_c_39a90d8d__prvStartFirstTask 0x08000291   Thumb Code    36  port.o(.emb_text)
    __asm___6_port_c_39a90d8d__prvEnableVFP  0x080002b9   Thumb Code    16  port.o(.emb_text)
    PendSV_Handler                           0x080002cd   Thumb Code    88  port.o(.emb_text)
    vPortGetIPSR                             0x08000329   Thumb Code     6  port.o(.emb_text)
    Reset_Handler                            0x08000331   Thumb Code     8  startup_stm32f407xx.o(.text)
    ADC_IRQHandler                           0x0800034b   Thumb Code     0  startup_stm32f407xx.o(.text)
    CAN1_RX1_IRQHandler                      0x0800034b   Thumb Code     0  startup_stm32f407xx.o(.text)
    CAN1_SCE_IRQHandler                      0x0800034b   Thumb Code     0  startup_stm32f407xx.o(.text)
    CAN1_TX_IRQHandler                       0x0800034b   Thumb Code     0  startup_stm32f407xx.o(.text)
    CAN2_RX1_IRQHandler                      0x0800034b   Thumb Code     0  startup_stm32f407xx.o(.text)
    CAN2_SCE_IRQHandler                      0x0800034b   Thumb Code     0  startup_stm32f407xx.o(.text)
    CAN2_TX_IRQHandler                       0x0800034b   Thumb Code     0  startup_stm32f407xx.o(.text)
    DCMI_IRQHandler                          0x0800034b   Thumb Code     0  startup_stm32f407xx.o(.text)
    DMA1_Stream0_IRQHandler                  0x0800034b   Thumb Code     0  startup_stm32f407xx.o(.text)
    DMA1_Stream1_IRQHandler                  0x0800034b   Thumb Code     0  startup_stm32f407xx.o(.text)
    DMA1_Stream2_IRQHandler                  0x0800034b   Thumb Code     0  startup_stm32f407xx.o(.text)
    DMA1_Stream3_IRQHandler                  0x0800034b   Thumb Code     0  startup_stm32f407xx.o(.text)
    DMA1_Stream4_IRQHandler                  0x0800034b   Thumb Code     0  startup_stm32f407xx.o(.text)
    DMA1_Stream5_IRQHandler                  0x0800034b   Thumb Code     0  startup_stm32f407xx.o(.text)
    DMA1_Stream6_IRQHandler                  0x0800034b   Thumb Code     0  startup_stm32f407xx.o(.text)
    DMA1_Stream7_IRQHandler                  0x0800034b   Thumb Code     0  startup_stm32f407xx.o(.text)
    DMA2_Stream0_IRQHandler                  0x0800034b   Thumb Code     0  startup_stm32f407xx.o(.text)
    DMA2_Stream1_IRQHandler                  0x0800034b   Thumb Code     0  startup_stm32f407xx.o(.text)
    DMA2_Stream2_IRQHandler                  0x0800034b   Thumb Code     0  startup_stm32f407xx.o(.text)
    DMA2_Stream3_IRQHandler                  0x0800034b   Thumb Code     0  startup_stm32f407xx.o(.text)
    DMA2_Stream4_IRQHandler                  0x0800034b   Thumb Code     0  startup_stm32f407xx.o(.text)
    DMA2_Stream5_IRQHandler                  0x0800034b   Thumb Code     0  startup_stm32f407xx.o(.text)
    DMA2_Stream6_IRQHandler                  0x0800034b   Thumb Code     0  startup_stm32f407xx.o(.text)
    DMA2_Stream7_IRQHandler                  0x0800034b   Thumb Code     0  startup_stm32f407xx.o(.text)
    ETH_IRQHandler                           0x0800034b   Thumb Code     0  startup_stm32f407xx.o(.text)
    ETH_WKUP_IRQHandler                      0x0800034b   Thumb Code     0  startup_stm32f407xx.o(.text)
    EXTI0_IRQHandler                         0x0800034b   Thumb Code     0  startup_stm32f407xx.o(.text)
    EXTI15_10_IRQHandler                     0x0800034b   Thumb Code     0  startup_stm32f407xx.o(.text)
    EXTI1_IRQHandler                         0x0800034b   Thumb Code     0  startup_stm32f407xx.o(.text)
    EXTI2_IRQHandler                         0x0800034b   Thumb Code     0  startup_stm32f407xx.o(.text)
    EXTI3_IRQHandler                         0x0800034b   Thumb Code     0  startup_stm32f407xx.o(.text)
    EXTI4_IRQHandler                         0x0800034b   Thumb Code     0  startup_stm32f407xx.o(.text)
    EXTI9_5_IRQHandler                       0x0800034b   Thumb Code     0  startup_stm32f407xx.o(.text)
    FLASH_IRQHandler                         0x0800034b   Thumb Code     0  startup_stm32f407xx.o(.text)
    FMC_IRQHandler                           0x0800034b   Thumb Code     0  startup_stm32f407xx.o(.text)
    FPU_IRQHandler                           0x0800034b   Thumb Code     0  startup_stm32f407xx.o(.text)
    HASH_RNG_IRQHandler                      0x0800034b   Thumb Code     0  startup_stm32f407xx.o(.text)
    I2C1_ER_IRQHandler                       0x0800034b   Thumb Code     0  startup_stm32f407xx.o(.text)
    I2C1_EV_IRQHandler                       0x0800034b   Thumb Code     0  startup_stm32f407xx.o(.text)
    I2C2_ER_IRQHandler                       0x0800034b   Thumb Code     0  startup_stm32f407xx.o(.text)
    I2C2_EV_IRQHandler                       0x0800034b   Thumb Code     0  startup_stm32f407xx.o(.text)
    I2C3_ER_IRQHandler                       0x0800034b   Thumb Code     0  startup_stm32f407xx.o(.text)
    I2C3_EV_IRQHandler                       0x0800034b   Thumb Code     0  startup_stm32f407xx.o(.text)
    OTG_FS_IRQHandler                        0x0800034b   Thumb Code     0  startup_stm32f407xx.o(.text)
    OTG_FS_WKUP_IRQHandler                   0x0800034b   Thumb Code     0  startup_stm32f407xx.o(.text)
    OTG_HS_EP1_IN_IRQHandler                 0x0800034b   Thumb Code     0  startup_stm32f407xx.o(.text)
    OTG_HS_EP1_OUT_IRQHandler                0x0800034b   Thumb Code     0  startup_stm32f407xx.o(.text)
    OTG_HS_IRQHandler                        0x0800034b   Thumb Code     0  startup_stm32f407xx.o(.text)
    OTG_HS_WKUP_IRQHandler                   0x0800034b   Thumb Code     0  startup_stm32f407xx.o(.text)
    PVD_IRQHandler                           0x0800034b   Thumb Code     0  startup_stm32f407xx.o(.text)
    RCC_IRQHandler                           0x0800034b   Thumb Code     0  startup_stm32f407xx.o(.text)
    RTC_Alarm_IRQHandler                     0x0800034b   Thumb Code     0  startup_stm32f407xx.o(.text)
    RTC_WKUP_IRQHandler                      0x0800034b   Thumb Code     0  startup_stm32f407xx.o(.text)
    SDIO_IRQHandler                          0x0800034b   Thumb Code     0  startup_stm32f407xx.o(.text)
    SPI1_IRQHandler                          0x0800034b   Thumb Code     0  startup_stm32f407xx.o(.text)
    SPI2_IRQHandler                          0x0800034b   Thumb Code     0  startup_stm32f407xx.o(.text)
    SPI3_IRQHandler                          0x0800034b   Thumb Code     0  startup_stm32f407xx.o(.text)
    TAMP_STAMP_IRQHandler                    0x0800034b   Thumb Code     0  startup_stm32f407xx.o(.text)
    TIM1_BRK_TIM9_IRQHandler                 0x0800034b   Thumb Code     0  startup_stm32f407xx.o(.text)
    TIM1_CC_IRQHandler                       0x0800034b   Thumb Code     0  startup_stm32f407xx.o(.text)
    TIM1_TRG_COM_TIM11_IRQHandler            0x0800034b   Thumb Code     0  startup_stm32f407xx.o(.text)
    TIM2_IRQHandler                          0x0800034b   Thumb Code     0  startup_stm32f407xx.o(.text)
    TIM3_IRQHandler                          0x0800034b   Thumb Code     0  startup_stm32f407xx.o(.text)
    TIM4_IRQHandler                          0x0800034b   Thumb Code     0  startup_stm32f407xx.o(.text)
    TIM5_IRQHandler                          0x0800034b   Thumb Code     0  startup_stm32f407xx.o(.text)
    TIM6_DAC_IRQHandler                      0x0800034b   Thumb Code     0  startup_stm32f407xx.o(.text)
    TIM7_IRQHandler                          0x0800034b   Thumb Code     0  startup_stm32f407xx.o(.text)
    TIM8_BRK_TIM12_IRQHandler                0x0800034b   Thumb Code     0  startup_stm32f407xx.o(.text)
    TIM8_CC_IRQHandler                       0x0800034b   Thumb Code     0  startup_stm32f407xx.o(.text)
    TIM8_TRG_COM_TIM14_IRQHandler            0x0800034b   Thumb Code     0  startup_stm32f407xx.o(.text)
    TIM8_UP_TIM13_IRQHandler                 0x0800034b   Thumb Code     0  startup_stm32f407xx.o(.text)
    UART4_IRQHandler                         0x0800034b   Thumb Code     0  startup_stm32f407xx.o(.text)
    UART5_IRQHandler                         0x0800034b   Thumb Code     0  startup_stm32f407xx.o(.text)
    USART2_IRQHandler                        0x0800034b   Thumb Code     0  startup_stm32f407xx.o(.text)
    USART3_IRQHandler                        0x0800034b   Thumb Code     0  startup_stm32f407xx.o(.text)
    USART6_IRQHandler                        0x0800034b   Thumb Code     0  startup_stm32f407xx.o(.text)
    WWDG_IRQHandler                          0x0800034b   Thumb Code     0  startup_stm32f407xx.o(.text)
    __user_initial_stackheap                 0x0800034d   Thumb Code     0  startup_stm32f407xx.o(.text)
    __aeabi_uldivmod                         0x08000371   Thumb Code     0  lludivv7m.o(.text)
    _ll_udiv                                 0x08000371   Thumb Code   238  lludivv7m.o(.text)
    __2sprintf                               0x08000461   Thumb Code    34  noretval__2sprintf.o(.text)
    __printf                                 0x08000489   Thumb Code   104  __printf.o(.text)
    _printf_int_dec                          0x080004f1   Thumb Code   104  _printf_dec.o(.text)
    abort                                    0x08000569   Thumb Code    22  abort.o(.text)
    strstr                                   0x0800057f   Thumb Code    36  strstr.o(.text)
    __aeabi_memcpy                           0x080005a3   Thumb Code     0  rt_memcpy_v6.o(.text)
    __rt_memcpy                              0x080005a3   Thumb Code   138  rt_memcpy_v6.o(.text)
    _memcpy_lastbytes                        0x08000609   Thumb Code     0  rt_memcpy_v6.o(.text)
    __aeabi_memcpy4                          0x0800062d   Thumb Code     0  rt_memcpy_w.o(.text)
    __aeabi_memcpy8                          0x0800062d   Thumb Code     0  rt_memcpy_w.o(.text)
    __rt_memcpy_w                            0x0800062d   Thumb Code   100  rt_memcpy_w.o(.text)
    _memcpy_lastbytes_aligned                0x08000675   Thumb Code     0  rt_memcpy_w.o(.text)
    __aeabi_memclr                           0x08000691   Thumb Code     0  rt_memclr.o(.text)
    __rt_memclr                              0x08000691   Thumb Code    68  rt_memclr.o(.text)
    _memset                                  0x08000695   Thumb Code     0  rt_memclr.o(.text)
    __aeabi_memclr4                          0x080006d5   Thumb Code     0  rt_memclr_w.o(.text)
    __aeabi_memclr8                          0x080006d5   Thumb Code     0  rt_memclr_w.o(.text)
    __rt_memclr_w                            0x080006d5   Thumb Code    78  rt_memclr_w.o(.text)
    _memset_w                                0x080006d9   Thumb Code     0  rt_memclr_w.o(.text)
    __use_two_region_memory                  0x08000723   Thumb Code     2  heapauxi.o(.text)
    __rt_heap_escrow$2region                 0x08000725   Thumb Code     2  heapauxi.o(.text)
    __rt_heap_expand$2region                 0x08000727   Thumb Code     2  heapauxi.o(.text)
    _sys_exit                                0x08000729   Thumb Code     8  sys_exit.o(.text)
    _printf_int_common                       0x08000735   Thumb Code   178  _printf_intcommon.o(.text)
    _printf_char_common                      0x080007f3   Thumb Code    32  _printf_char_common.o(.text)
    _sputc                                   0x08000819   Thumb Code    10  _sputc.o(.text)
    __rt_SIGABRT                             0x08000823   Thumb Code    14  defsig_abrt_outer.o(.text)
    __I$use$semihosting                      0x08000831   Thumb Code     0  use_no_semi.o(.text)
    __use_no_semihosting_swi                 0x08000831   Thumb Code     2  use_no_semi.o(.text)
    __semihosting_library_function           0x08000833   Thumb Code     0  indicate_semi.o(.text)
    __sig_exit                               0x08000833   Thumb Code    10  defsig_exit.o(.text)
    __rt_SIGABRT_inner                       0x0800083d   Thumb Code    14  defsig_abrt_inner.o(.text)
    __user_setup_stackheap                   0x0800086d   Thumb Code    74  sys_stackheap_outer.o(.text)
    exit                                     0x080008b7   Thumb Code    18  exit.o(.text)
    __default_signal_display                 0x080008c9   Thumb Code    50  defsig_general.o(.text)
    _ttywrch                                 0x080008fb   Thumb Code    14  sys_wrch.o(.text)
    __user_libspace                          0x08000909   Thumb Code     8  libspace.o(.text)
    __user_perproc_libspace                  0x08000909   Thumb Code     0  libspace.o(.text)
    __user_perthread_libspace                0x08000909   Thumb Code     0  libspace.o(.text)
    BleMainTask                              0x08000911   Thumb Code    36  freertos.o(i.BleMainTask)
    BusFault_Handler                         0x08000939   Thumb Code     2  stm32f4xx_it.o(i.BusFault_Handler)
    CAN1_RX0_IRQHandler                      0x0800093d   Thumb Code     6  stm32f4xx_it.o(i.CAN1_RX0_IRQHandler)
    CAN2_RX0_IRQHandler                      0x08000949   Thumb Code     6  stm32f4xx_it.o(i.CAN2_RX0_IRQHandler)
    CANMultiInit                             0x08000955   Thumb Code    76  isotp_user.o(i.CANMultiInit)
    CANReqMainTask                           0x080009a9   Thumb Code    12  freertos.o(i.CANReqMainTask)
    CC2541_Send_CMD                          0x080009b5   Thumb Code    98  bsp_usartx_cc2541.o(i.CC2541_Send_CMD)
    CC2541_Send_Data                         0x08000a1d   Thumb Code    78  bsp_usartx_cc2541.o(i.CC2541_Send_Data)
    DebugMon_Handler                         0x08000a81   Thumb Code     2  stm32f4xx_it.o(i.DebugMon_Handler)
    DescTask                                 0x08000a85   Thumb Code   106  isotp_user.o(i.DescTask)
    Error_Handler                            0x08000afd   Thumb Code     4  main.o(i.Error_Handler)
    FLASH_Erase_Sector                       0x08000b01   Thumb Code    74  stm32f4xx_hal_flash_ex.o(i.FLASH_Erase_Sector)
    FLASH_FlushCaches                        0x08000b51   Thumb Code    80  stm32f4xx_hal_flash_ex.o(i.FLASH_FlushCaches)
    FLASH_WaitForLastOperation               0x08000cc9   Thumb Code    72  stm32f4xx_hal_flash.o(i.FLASH_WaitForLastOperation)
    HAL_CAN_ActivateNotification             0x08000d19   Thumb Code    36  stm32f4xx_hal_can.o(i.HAL_CAN_ActivateNotification)
    HAL_CAN_AddTxMessage                     0x08000d3d   Thumb Code   200  stm32f4xx_hal_can.o(i.HAL_CAN_AddTxMessage)
    HAL_CAN_ConfigFilter                     0x08000e05   Thumb Code   262  stm32f4xx_hal_can.o(i.HAL_CAN_ConfigFilter)
    HAL_CAN_ErrorCallback                    0x08000f11   Thumb Code     2  stm32f4xx_hal_can.o(i.HAL_CAN_ErrorCallback)
    HAL_CAN_GetRxMessage                     0x08000f13   Thumb Code   232  stm32f4xx_hal_can.o(i.HAL_CAN_GetRxMessage)
    HAL_CAN_IRQHandler                       0x08000ffb   Thumb Code   508  stm32f4xx_hal_can.o(i.HAL_CAN_IRQHandler)
    HAL_CAN_Init                             0x080011f7   Thumb Code   282  stm32f4xx_hal_can.o(i.HAL_CAN_Init)
    HAL_CAN_MspInit                          0x08001311   Thumb Code   238  can.o(i.HAL_CAN_MspInit)
    HAL_CAN_RxFifo0FullCallback              0x08001415   Thumb Code     2  stm32f4xx_hal_can.o(i.HAL_CAN_RxFifo0FullCallback)
    HAL_CAN_RxFifo0MsgPendingCallback        0x08001419   Thumb Code   160  isotp_user.o(i.HAL_CAN_RxFifo0MsgPendingCallback)
    HAL_CAN_RxFifo1FullCallback              0x080014c5   Thumb Code     2  stm32f4xx_hal_can.o(i.HAL_CAN_RxFifo1FullCallback)
    HAL_CAN_RxFifo1MsgPendingCallback        0x080014c7   Thumb Code     2  stm32f4xx_hal_can.o(i.HAL_CAN_RxFifo1MsgPendingCallback)
    HAL_CAN_SleepCallback                    0x080014c9   Thumb Code     2  stm32f4xx_hal_can.o(i.HAL_CAN_SleepCallback)
    HAL_CAN_Start                            0x080014cd   Thumb Code    88  stm32f4xx_hal_can.o(i.HAL_CAN_Start)
    HAL_CAN_TxMailbox0AbortCallback          0x08001525   Thumb Code     2  stm32f4xx_hal_can.o(i.HAL_CAN_TxMailbox0AbortCallback)
    HAL_CAN_TxMailbox0CompleteCallback       0x08001527   Thumb Code     2  stm32f4xx_hal_can.o(i.HAL_CAN_TxMailbox0CompleteCallback)
    HAL_CAN_TxMailbox1AbortCallback          0x08001529   Thumb Code     2  stm32f4xx_hal_can.o(i.HAL_CAN_TxMailbox1AbortCallback)
    HAL_CAN_TxMailbox1CompleteCallback       0x0800152b   Thumb Code     2  stm32f4xx_hal_can.o(i.HAL_CAN_TxMailbox1CompleteCallback)
    HAL_CAN_TxMailbox2AbortCallback          0x0800152d   Thumb Code     2  stm32f4xx_hal_can.o(i.HAL_CAN_TxMailbox2AbortCallback)
    HAL_CAN_TxMailbox2CompleteCallback       0x0800152f   Thumb Code     2  stm32f4xx_hal_can.o(i.HAL_CAN_TxMailbox2CompleteCallback)
    HAL_CAN_WakeUpFromRxMsgCallback          0x08001531   Thumb Code     2  stm32f4xx_hal_can.o(i.HAL_CAN_WakeUpFromRxMsgCallback)
    HAL_DMA_Abort                            0x08001533   Thumb Code   146  stm32f4xx_hal_dma.o(i.HAL_DMA_Abort)
    HAL_DMA_Abort_IT                         0x080015c5   Thumb Code    36  stm32f4xx_hal_dma.o(i.HAL_DMA_Abort_IT)
    HAL_Delay                                0x080015e9   Thumb Code    32  stm32f4xx_hal.o(i.HAL_Delay)
    HAL_FLASHEx_Erase                        0x0800160d   Thumb Code   144  stm32f4xx_hal_flash_ex.o(i.HAL_FLASHEx_Erase)
    HAL_FLASH_Lock                           0x080016a5   Thumb Code    14  stm32f4xx_hal_flash.o(i.HAL_FLASH_Lock)
    HAL_FLASH_Program                        0x080016b9   Thumb Code   116  stm32f4xx_hal_flash.o(i.HAL_FLASH_Program)
    HAL_FLASH_Unlock                         0x08001735   Thumb Code    32  stm32f4xx_hal_flash.o(i.HAL_FLASH_Unlock)
    HAL_GPIO_Init                            0x08001761   Thumb Code   450  stm32f4xx_hal_gpio.o(i.HAL_GPIO_Init)
    HAL_GPIO_ReadPin                         0x08001951   Thumb Code    10  stm32f4xx_hal_gpio.o(i.HAL_GPIO_ReadPin)
    HAL_GPIO_TogglePin                       0x0800195b   Thumb Code    16  stm32f4xx_hal_gpio.o(i.HAL_GPIO_TogglePin)
    HAL_GPIO_WritePin                        0x0800196b   Thumb Code    10  stm32f4xx_hal_gpio.o(i.HAL_GPIO_WritePin)
    HAL_GetTick                              0x08001975   Thumb Code     6  stm32f4xx_hal.o(i.HAL_GetTick)
    HAL_IncTick                              0x08001981   Thumb Code    12  stm32f4xx_hal.o(i.HAL_IncTick)
    HAL_Init                                 0x08001991   Thumb Code    48  stm32f4xx_hal.o(i.HAL_Init)
    HAL_InitTick                             0x080019c5   Thumb Code   100  stm32f4xx_hal_timebase_tim.o(i.HAL_InitTick)
    HAL_MspInit                              0x08001a39   Thumb Code    52  stm32f4xx_hal_msp.o(i.HAL_MspInit)
    HAL_NVIC_EnableIRQ                       0x08001a71   Thumb Code    26  stm32f4xx_hal_cortex.o(i.HAL_NVIC_EnableIRQ)
    HAL_NVIC_SetPriority                     0x08001a8d   Thumb Code    60  stm32f4xx_hal_cortex.o(i.HAL_NVIC_SetPriority)
    HAL_NVIC_SetPriorityGrouping             0x08001acd   Thumb Code    26  stm32f4xx_hal_cortex.o(i.HAL_NVIC_SetPriorityGrouping)
    HAL_RCC_ClockConfig                      0x08001af1   Thumb Code   288  stm32f4xx_hal_rcc.o(i.HAL_RCC_ClockConfig)
    HAL_RCC_GetClockConfig                   0x08001c25   Thumb Code    54  stm32f4xx_hal_rcc.o(i.HAL_RCC_GetClockConfig)
    HAL_RCC_GetPCLK1Freq                     0x08001c65   Thumb Code    20  stm32f4xx_hal_rcc.o(i.HAL_RCC_GetPCLK1Freq)
    HAL_RCC_GetPCLK2Freq                     0x08001c85   Thumb Code    20  stm32f4xx_hal_rcc.o(i.HAL_RCC_GetPCLK2Freq)
    HAL_RCC_GetSysClockFreq                  0x08001ca5   Thumb Code    88  stm32f4xx_hal_rcc.o(i.HAL_RCC_GetSysClockFreq)
    HAL_RCC_OscConfig                        0x08001d05   Thumb Code   856  stm32f4xx_hal_rcc.o(i.HAL_RCC_OscConfig)
    HAL_TIMEx_BreakCallback                  0x08002071   Thumb Code     2  stm32f4xx_hal_tim_ex.o(i.HAL_TIMEx_BreakCallback)
    HAL_TIMEx_CommutCallback                 0x08002073   Thumb Code     2  stm32f4xx_hal_tim_ex.o(i.HAL_TIMEx_CommutCallback)
    HAL_TIM_Base_Init                        0x08002075   Thumb Code    90  stm32f4xx_hal_tim.o(i.HAL_TIM_Base_Init)
    HAL_TIM_Base_MspInit                     0x080020cf   Thumb Code     2  stm32f4xx_hal_tim.o(i.HAL_TIM_Base_MspInit)
    HAL_TIM_Base_Start_IT                    0x080020d1   Thumb Code   100  stm32f4xx_hal_tim.o(i.HAL_TIM_Base_Start_IT)
    HAL_TIM_IC_CaptureCallback               0x08002151   Thumb Code     2  stm32f4xx_hal_tim.o(i.HAL_TIM_IC_CaptureCallback)
    HAL_TIM_IRQHandler                       0x08002153   Thumb Code   358  stm32f4xx_hal_tim.o(i.HAL_TIM_IRQHandler)
    HAL_TIM_OC_DelayElapsedCallback          0x080022b9   Thumb Code     2  stm32f4xx_hal_tim.o(i.HAL_TIM_OC_DelayElapsedCallback)
    HAL_TIM_PWM_PulseFinishedCallback        0x080022bb   Thumb Code     2  stm32f4xx_hal_tim.o(i.HAL_TIM_PWM_PulseFinishedCallback)
    HAL_TIM_PeriodElapsedCallback            0x080022bd   Thumb Code    14  main.o(i.HAL_TIM_PeriodElapsedCallback)
    HAL_TIM_TriggerCallback                  0x080022d1   Thumb Code     2  stm32f4xx_hal_tim.o(i.HAL_TIM_TriggerCallback)
    HAL_UARTEx_RxEventCallback               0x080022d3   Thumb Code     2  stm32f4xx_hal_uart.o(i.HAL_UARTEx_RxEventCallback)
    HAL_UART_ErrorCallback                   0x080022d5   Thumb Code     2  stm32f4xx_hal_uart.o(i.HAL_UART_ErrorCallback)
    HAL_UART_IRQHandler                      0x080022d9   Thumb Code   610  stm32f4xx_hal_uart.o(i.HAL_UART_IRQHandler)
    HAL_UART_Init                            0x08002541   Thumb Code    98  stm32f4xx_hal_uart.o(i.HAL_UART_Init)
    HAL_UART_MspInit                         0x080025a5   Thumb Code   110  usart.o(i.HAL_UART_MspInit)
    HAL_UART_Receive_IT                      0x08002621   Thumb Code    42  stm32f4xx_hal_uart.o(i.HAL_UART_Receive_IT)
    HAL_UART_RxCpltCallback                  0x0800264d   Thumb Code    32  bsp_usartx_cc2541.o(i.HAL_UART_RxCpltCallback)
    HAL_UART_Transmit                        0x0800267d   Thumb Code   178  stm32f4xx_hal_uart.o(i.HAL_UART_Transmit)
    HAL_UART_TxCpltCallback                  0x0800272f   Thumb Code     2  stm32f4xx_hal_uart.o(i.HAL_UART_TxCpltCallback)
    HardFault_Handler                        0x08002731   Thumb Code     2  stm32f4xx_it.o(i.HardFault_Handler)
    LedControlMainTask                       0x08002733   Thumb Code   194  freertos.o(i.LedControlMainTask)
    MX_CAN1_Init                             0x080027f5   Thumb Code    64  can.o(i.MX_CAN1_Init)
    MX_CAN2_Init                             0x0800283d   Thumb Code    60  can.o(i.MX_CAN2_Init)
    MX_FREERTOS_Init                         0x08002881   Thumb Code    96  freertos.o(i.MX_FREERTOS_Init)
    MX_GPIO_Init                             0x080028e9   Thumb Code   164  gpio.o(i.MX_GPIO_Init)
    MX_USART1_UART_Init                      0x08002999   Thumb Code    48  usart.o(i.MX_USART1_UART_Init)
    MemManage_Handler                        0x080029d1   Thumb Code     2  stm32f4xx_it.o(i.MemManage_Handler)
    NMI_Handler                              0x080029d3   Thumb Code     2  stm32f4xx_it.o(i.NMI_Handler)
    StartDefaultTask                         0x080029d5   Thumb Code    20  freertos.o(i.StartDefaultTask)
    SysTick_Handler                          0x080029e9   Thumb Code    38  port.o(i.SysTick_Handler)
    SystemClock_Config                       0x08002a15   Thumb Code   140  main.o(i.SystemClock_Config)
    SystemInit                               0x08002aa9   Thumb Code    12  system_stm32f4xx.o(i.SystemInit)
    TIM1_UP_TIM10_IRQHandler                 0x08002ab9   Thumb Code     6  stm32f4xx_it.o(i.TIM1_UP_TIM10_IRQHandler)
    TIM_Base_SetConfig                       0x08002ac5   Thumb Code   156  stm32f4xx_hal_tim.o(i.TIM_Base_SetConfig)
    TpInit                                   0x08002b8d   Thumb Code    54  isotp_user.o(i.TpInit)
    TpTask                                   0x08002bc9   Thumb Code    20  isotp_user.o(i.TpTask)
    UART_Start_Receive_IT                    0x08002e0d   Thumb Code    54  stm32f4xx_hal_uart.o(i.UART_Start_Receive_IT)
    USART1_IRQHandler                        0x08002ebd   Thumb Code     6  stm32f4xx_it.o(i.USART1_IRQHandler)
    UsageFault_Handler                       0x08002ec9   Thumb Code     2  stm32f4xx_it.o(i.UsageFault_Handler)
    Usart_SendByte                           0x08002ecd   Thumb Code    30  bsp_usartx_cc2541.o(i.Usart_SendByte)
    Usart_SendStr_length                     0x08002ef1   Thumb Code    22  bsp_usartx_cc2541.o(i.Usart_SendStr_length)
    Usart_SendString                         0x08002f07   Thumb Code    22  bsp_usartx_cc2541.o(i.Usart_SendString)
    calculateCheckSum                        0x08002f3d   Thumb Code    68  bsp_usartx_cc2541.o(i.calculateCheckSum)
    checkBLEConnectStatus                    0x08002f89   Thumb Code    30  ble_app.o(i.checkBLEConnectStatus)
    clean_rebuff                             0x08002fb5   Thumb Code    22  bsp_usartx_cc2541.o(i.clean_rebuff)
    clearAllDtc                              0x08002fd5   Thumb Code    24  appobd.o(i.clearAllDtc)
    copyDtcFromFlash                         0x08002ff1   Thumb Code    50  appobd.o(i.copyDtcFromFlash)
    countDTC                                 0x0800302d   Thumb Code    58  appobd.o(i.countDTC)
    countDTCNow                              0x08003071   Thumb Code    58  appobd.o(i.countDTCNow)
    enableBLE                                0x080030b5   Thumb Code    56  ble_app.o(i.enableBLE)
    get_rebuff                               0x080030f9   Thumb Code    10  bsp_usartx_cc2541.o(i.get_rebuff)
    initCANSndMsg                            0x0800310d   Thumb Code    46  can.o(i.initCANSndMsg)
    isotp_init_link                          0x08003141   Thumb Code    50  isotp.o(i.isotp_init_link)
    isotp_on_can_message                     0x08003175   Thumb Code   442  isotp.o(i.isotp_on_can_message)
    isotp_poll                               0x08003371   Thumb Code   152  isotp.o(i.isotp_poll)
    isotp_receive                            0x08003409   Thumb Code    50  isotp.o(i.isotp_receive)
    isotp_send                               0x080035a9   Thumb Code    16  isotp.o(i.isotp_send)
    isotp_send_with_id                       0x08003661   Thumb Code   262  isotp.o(i.isotp_send_with_id)
    isotp_user_debug                         0x080037e1   Thumb Code     2  isotp_user.o(i.isotp_user_debug)
    isotp_user_get_ms                        0x080037e3   Thumb Code     4  isotp_user.o(i.isotp_user_get_ms)
    isotp_user_send_can                      0x080037e9   Thumb Code    32  isotp_user.o(i.isotp_user_send_can)
    main                                     0x08003811   Thumb Code    62  main.o(i.main)
    monitorDTC                               0x08003865   Thumb Code    88  appobd.o(i.monitorDTC)
    obdDiagReqHandler                        0x080038d5   Thumb Code   658  appobd.o(i.obdDiagReqHandler)
    onRecvCommMessage                        0x08003b79   Thumb Code   204  appobd.o(i.onRecvCommMessage)
    osDelay                                  0x08003c4d   Thumb Code    14  cmsis_os.o(i.osDelay)
    osKernelStart                            0x08003c5b   Thumb Code    10  cmsis_os.o(i.osKernelStart)
    osThreadCreate                           0x08003c65   Thumb Code    84  cmsis_os.o(i.osThreadCreate)
    pvPortMalloc                             0x08004005   Thumb Code   216  heap_4.o(i.pvPortMalloc)
    pxPortInitialiseStack                    0x080040e1   Thumb Code    40  port.o(i.pxPortInitialiseStack)
    reqBMSData                               0x0800410d   Thumb Code    66  can.o(i.reqBMSData)
    saveDtcToFlash                           0x08004159   Thumb Code    72  appobd.o(i.saveDtcToFlash)
    sendAllBLEMsg                            0x080041ad   Thumb Code    40  ble_app.o(i.sendAllBLEMsg)
    sendBLEMsg                               0x080041dd   Thumb Code    76  bsp_usartx_cc2541.o(i.sendBLEMsg)
    toggleLeds                               0x08004235   Thumb Code   100  gpio.o(i.toggleLeds)
    updateAQWowInfo                          0x080042ad   Thumb Code  1436  can.o(i.updateAQWowInfo)
    updateBLEMsg                             0x08004851   Thumb Code   542  can.o(i.updateBLEMsg)
    updateGreenwayBatInfo                    0x08004a79   Thumb Code    80  can.o(i.updateGreenwayBatInfo)
    updateGwInfo                             0x08004ad1   Thumb Code   884  can.o(i.updateGwInfo)
    uxListRemove                             0x08004e51   Thumb Code    38  list.o(i.uxListRemove)
    vApplicationGetIdleTaskMemory            0x08004e79   Thumb Code    16  freertos.o(i.vApplicationGetIdleTaskMemory)
    vListInitialise                          0x08004e8d   Thumb Code    22  list.o(i.vListInitialise)
    vListInitialiseItem                      0x08004ea3   Thumb Code     6  list.o(i.vListInitialiseItem)
    vListInsert                              0x08004ea9   Thumb Code    48  list.o(i.vListInsert)
    vListInsertEnd                           0x08004ed9   Thumb Code    24  list.o(i.vListInsertEnd)
    vPortEnterCritical                       0x08004ef1   Thumb Code    54  port.o(i.vPortEnterCritical)
    vPortExitCritical                        0x08004f31   Thumb Code    34  port.o(i.vPortExitCritical)
    vPortFree                                0x08004f59   Thumb Code    94  heap_4.o(i.vPortFree)
    vPortSetupTimerInterrupt                 0x08004fbd   Thumb Code    32  port.o(i.vPortSetupTimerInterrupt)
    vTaskDelay                               0x08004fe1   Thumb Code    66  tasks.o(i.vTaskDelay)
    vTaskStartScheduler                      0x0800502d   Thumb Code    90  tasks.o(i.vTaskStartScheduler)
    vTaskSuspendAll                          0x08005099   Thumb Code    10  tasks.o(i.vTaskSuspendAll)
    vTaskSwitchContext                       0x080050a9   Thumb Code    82  tasks.o(i.vTaskSwitchContext)
    xPortStartScheduler                      0x08005105   Thumb Code   222  port.o(i.xPortStartScheduler)
    xTaskCreate                              0x080051f9   Thumb Code    90  tasks.o(i.xTaskCreate)
    xTaskCreateStatic                        0x08005253   Thumb Code    86  tasks.o(i.xTaskCreateStatic)
    xTaskIncrementTick                       0x080052a9   Thumb Code   194  tasks.o(i.xTaskIncrementTick)
    xTaskResumeAll                           0x08005375   Thumb Code   182  tasks.o(i.xTaskResumeAll)
    _fp_init                                 0x08005439   Thumb Code    10  fpinit.o(x$fpl$fpinit)
    __fplib_config_fpu_vfp                   0x08005441   Thumb Code     0  fpinit.o(x$fpl$fpinit)
    __fplib_config_pureend_doubles           0x08005441   Thumb Code     0  fpinit.o(x$fpl$fpinit)
    AHBPrescTable                            0x080054b4   Data          16  system_stm32f4xx.o(.constdata)
    APBPrescTable                            0x080054c4   Data           8  system_stm32f4xx.o(.constdata)
    Region$$Table$$Base                      0x08005548   Number         0  anon$$obj.o(Region$$Table)
    Region$$Table$$Limit                     0x08005568   Number         0  anon$$obj.o(Region$$Table)
    preDtcCnt                                0x20000000   Data           1  main.o(.data)
    defaultTaskHandle                        0x20000004   Data           4  freertos.o(.data)
    BleTaskHandle                            0x20000008   Data           4  freertos.o(.data)
    CANReqTaskHandle                         0x2000000c   Data           4  freertos.o(.data)
    ledTaskHandle                            0x20000010   Data           4  freertos.o(.data)
    CanProtocolNumb                          0x20000014   Data           1  can.o(.data)
    canBufCnt                                0x20000015   Data           1  can.o(.data)
    curCANID                                 0x20000016   Data           1  can.o(.data)
    gwBatSOC                                 0x20000017   Data           1  can.o(.data)
    gwBatSOH                                 0x20000018   Data           1  can.o(.data)
    gwBatTemp                                0x20000019   Data           1  can.o(.data)
    CANDataAvalFlag                          0x2000001a   Data           1  can.o(.data)
    gwChargeStatus                           0x2000001b   Data           1  can.o(.data)
    gwMaxcellTemp                            0x2000001c   Data           1  can.o(.data)
    gwMincellTemp                            0x2000001d   Data           1  can.o(.data)
    gwDischargeTempLow                       0x2000001e   Data           1  can.o(.data)
    gwDischargeTempHigh                      0x2000001f   Data           1  can.o(.data)
    gwChargeTempLow                          0x20000020   Data           1  can.o(.data)
    gwChargeTempHigh                         0x20000021   Data           1  can.o(.data)
    gwChargeOverCurrent                      0x20000022   Data           1  can.o(.data)
    gwDischargeOverCurrent                   0x20000023   Data           1  can.o(.data)
    gwMaxcellVolt                            0x20000024   Data           2  can.o(.data)
    gwMincellVolt                            0x20000026   Data           2  can.o(.data)
    gwVoltCell_1                             0x20000028   Data           2  can.o(.data)
    gwVoltCell_2                             0x2000002a   Data           2  can.o(.data)
    gwVoltCell_3                             0x2000002c   Data           2  can.o(.data)
    gwVoltCell_4                             0x2000002e   Data           2  can.o(.data)
    gwVoltCell_5                             0x20000030   Data           2  can.o(.data)
    gwVoltCell_6                             0x20000032   Data           2  can.o(.data)
    gwVoltCell_7                             0x20000034   Data           2  can.o(.data)
    gwVoltCell_8                             0x20000036   Data           2  can.o(.data)
    gwVoltCell_9                             0x20000038   Data           2  can.o(.data)
    gwVoltCell_10                            0x2000003a   Data           2  can.o(.data)
    gwVoltCell_11                            0x2000003c   Data           2  can.o(.data)
    gwVoltCell_12                            0x2000003e   Data           2  can.o(.data)
    gwVoltCell_13                            0x20000040   Data           2  can.o(.data)
    gwVoltCell_14                            0x20000042   Data           2  can.o(.data)
    gwVoltCell_15                            0x20000044   Data           2  can.o(.data)
    gwVoltCell_16                            0x20000046   Data           2  can.o(.data)
    gwVoltCell_17                            0x20000048   Data           2  can.o(.data)
    gwVoltCell_18                            0x2000004a   Data           2  can.o(.data)
    gwVoltCell_19                            0x2000004c   Data           2  can.o(.data)
    gwVoltCell_20                            0x2000004e   Data           2  can.o(.data)
    gwVoltCellMax                            0x20000050   Data           2  can.o(.data)
    gwVoltCellMin                            0x20000052   Data           2  can.o(.data)
    gwBatVolt                                0x20000054   Data           4  can.o(.data)
    gwBatCurrent                             0x20000058   Data           4  can.o(.data)
    mailbox1                                 0x20000060   Data           4  can.o(.data)
    reqToBmsData                             0x20000064   Data           8  can.o(.data)
    isBLEConnect                             0x2000006c   Data           1  ble_app.o(.data)
    RxTemp                                   0x2000006d   Data           1  ble_app.o(.data)
    BLEStopSendMsgDelayCount                 0x2000006e   Data           1  ble_app.o(.data)
    BLE_GET_STATE                            0x2000006f   Data          17  ble_app.o(.data)
    BLE_SET_ID                               0x20000080   Data          38  ble_app.o(.data)
    uwTickFreq                               0x200000a8   Data           1  stm32f4xx_hal.o(.data)
    uwTickPrio                               0x200000ac   Data           4  stm32f4xx_hal.o(.data)
    uwTick                                   0x200000b0   Data           4  stm32f4xx_hal.o(.data)
    SystemCoreClock                          0x200000b4   Data           4  system_stm32f4xx.o(.data)
    pxCurrentTCB                             0x200000b8   Data           4  tasks.o(.data)
    throttlePercent                          0x20000120   Data           1  appobd.o(.data)
    DTCnumber                                0x20000121   Data           1  appobd.o(.data)
    descProcessDone                          0x20000122   Data           1  appobd.o(.data)
    data                                     0x20000123   Data           1  appobd.o(.data)
    engineRPM                                0x20000124   Data           2  appobd.o(.data)
    eraseResult                              0x20000128   Data           4  appobd.o(.data)
    VIN                                      0x2000012c   Data          17  appobd.o(.data)
    ECUNAME                                  0x2000013d   Data          20  appobd.o(.data)
    DataInFlag                               0x20000154   Data           1  bsp_usartx_cc2541.o(.data)
    ConnStopFlag                             0x20000155   Data           1  bsp_usartx_cc2541.o(.data)
    uart_p                                   0x20000156   Data           2  bsp_usartx_cc2541.o(.data)
    CANMsgIDStatus                           0x20000158   Data           2  bsp_usartx_cc2541.o(.data)
    ret                                      0x2000015c   Data           1  isotp_user.o(.data)
    isOBDConnect                             0x2000015d   Data           1  isotp_user.o(.data)
    funcReq                                  0x2000015e   Data           1  isotp_user.o(.data)
    in_size                                  0x2000015f   Data           1  isotp_user.o(.data)
    canRxLen                                 0x20000160   Data           2  isotp_user.o(.data)
    canRxID                                  0x20000164   Data           4  isotp_user.o(.data)
    mailbox                                  0x20000168   Data           4  isotp_user.o(.data)
    pcan                                     0x2000016c   Data           4  isotp_user.o(.data)
    Data                                     0x20000170   Data           8  isotp_user.o(.data)
    tpData                                   0x20000178   Data           8  isotp_user.o(.data)
    tx_mailboxes                             0x20000180   Data           4  isotp_user.o(.data)
    canMsg                                   0x200003d8   Data          24  can.o(.bss)
    canReqBmsMsg                             0x200003f0   Data          24  can.o(.bss)
    CANRxData                                0x20000408   Data         400  can.o(.bss)
    grwBatDat                                0x20000598   Data         100  can.o(.bss)
    hcan1                                    0x200005fc   Data          40  can.o(.bss)
    hcan2                                    0x20000624   Data          40  can.o(.bss)
    huart1                                   0x2000064c   Data          68  usart.o(.bss)
    htim1                                    0x20000690   Data          72  stm32f4xx_hal_timebase_tim.o(.bss)
    pFlash                                   0x200006d8   Data          32  stm32f4xx_hal_flash.o(.bss)
    dtc                                      0x200043e8   Data          80  appobd.o(.bss)
    dtcNow                                   0x20004438   Data          80  appobd.o(.bss)
    dtcData                                  0x20004488   Data          40  appobd.o(.bss)
    uart_buff                                0x200044b0   Data          40  bsp_usartx_cc2541.o(.bss)
    rxHeader                                 0x200044d8   Data          28  isotp_user.o(.bss)
    payload                                  0x200044f4   Data         100  isotp_user.o(.bss)
    diagRespMessage                          0x20004768   Data          24  isotp_user.o(.bss)
    __libspace_start                         0x20004780   Data          96  libspace.o(.bss)
    __temporary_stack_top$libspace           0x200047e0   Data           0  libspace.o(.bss)



==============================================================================

Memory Map of the image

  Image Entry point : 0x08000189

  Load Region LR_IROM1 (Base: 0x08000000, Size: 0x000056ec, Max: 0x00080000, ABSOLUTE, COMPRESSED[0x000055e4])

    Execution Region ER_IROM1 (Exec base: 0x08000000, Load base: 0x08000000, Size: 0x00005568, Max: 0x00080000, ABSOLUTE)

    Exec Addr    Load Addr    Size         Type   Attr      Idx    E Section Name        Object

    0x08000000   0x08000000   0x00000188   Data   RO            3    RESET               startup_stm32f407xx.o
    0x08000188   0x08000188   0x00000008   Code   RO         5069  * !!!main             c_w.l(__main.o)
    0x08000190   0x08000190   0x00000034   Code   RO         5251    !!!scatter          c_w.l(__scatter.o)
    0x080001c4   0x080001c4   0x0000005a   Code   RO         5249    !!dczerorl2         c_w.l(__dczerorl2.o)
    0x0800021e   0x0800021e   0x00000002   PAD
    0x08000220   0x08000220   0x0000001c   Code   RO         5253    !!handler_zi        c_w.l(__scatter_zi.o)
    0x0800023c   0x0800023c   0x00000000   Code   RO         5052    .ARM.Collect$$_printf_percent$$00000000  c_w.l(_printf_percent.o)
    0x0800023c   0x0800023c   0x00000006   Code   RO         5051    .ARM.Collect$$_printf_percent$$00000009  c_w.l(_printf_d.o)
    0x08000242   0x08000242   0x00000004   Code   RO         5084    .ARM.Collect$$_printf_percent$$00000017  c_w.l(_printf_percent_end.o)
    0x08000246   0x08000246   0x00000002   Code   RO         5134    .ARM.Collect$$libinit$$00000000  c_w.l(libinit.o)
    0x08000248   0x08000248   0x00000004   Code   RO         5146    .ARM.Collect$$libinit$$00000001  c_w.l(libinit2.o)
    0x0800024c   0x0800024c   0x00000000   Code   RO         5149    .ARM.Collect$$libinit$$00000004  c_w.l(libinit2.o)
    0x0800024c   0x0800024c   0x00000000   Code   RO         5152    .ARM.Collect$$libinit$$0000000A  c_w.l(libinit2.o)
    0x0800024c   0x0800024c   0x00000000   Code   RO         5154    .ARM.Collect$$libinit$$0000000C  c_w.l(libinit2.o)
    0x0800024c   0x0800024c   0x00000000   Code   RO         5156    .ARM.Collect$$libinit$$0000000E  c_w.l(libinit2.o)
    0x0800024c   0x0800024c   0x00000000   Code   RO         5159    .ARM.Collect$$libinit$$00000011  c_w.l(libinit2.o)
    0x0800024c   0x0800024c   0x00000000   Code   RO         5161    .ARM.Collect$$libinit$$00000013  c_w.l(libinit2.o)
    0x0800024c   0x0800024c   0x00000000   Code   RO         5163    .ARM.Collect$$libinit$$00000015  c_w.l(libinit2.o)
    0x0800024c   0x0800024c   0x00000000   Code   RO         5165    .ARM.Collect$$libinit$$00000017  c_w.l(libinit2.o)
    0x0800024c   0x0800024c   0x00000000   Code   RO         5167    .ARM.Collect$$libinit$$00000019  c_w.l(libinit2.o)
    0x0800024c   0x0800024c   0x00000000   Code   RO         5169    .ARM.Collect$$libinit$$0000001B  c_w.l(libinit2.o)
    0x0800024c   0x0800024c   0x00000000   Code   RO         5171    .ARM.Collect$$libinit$$0000001D  c_w.l(libinit2.o)
    0x0800024c   0x0800024c   0x00000000   Code   RO         5173    .ARM.Collect$$libinit$$0000001F  c_w.l(libinit2.o)
    0x0800024c   0x0800024c   0x00000000   Code   RO         5175    .ARM.Collect$$libinit$$00000021  c_w.l(libinit2.o)
    0x0800024c   0x0800024c   0x00000000   Code   RO         5177    .ARM.Collect$$libinit$$00000023  c_w.l(libinit2.o)
    0x0800024c   0x0800024c   0x00000000   Code   RO         5179    .ARM.Collect$$libinit$$00000025  c_w.l(libinit2.o)
    0x0800024c   0x0800024c   0x00000000   Code   RO         5183    .ARM.Collect$$libinit$$0000002C  c_w.l(libinit2.o)
    0x0800024c   0x0800024c   0x00000000   Code   RO         5185    .ARM.Collect$$libinit$$0000002E  c_w.l(libinit2.o)
    0x0800024c   0x0800024c   0x00000000   Code   RO         5187    .ARM.Collect$$libinit$$00000030  c_w.l(libinit2.o)
    0x0800024c   0x0800024c   0x00000000   Code   RO         5189    .ARM.Collect$$libinit$$00000032  c_w.l(libinit2.o)
    0x0800024c   0x0800024c   0x00000002   Code   RO         5190    .ARM.Collect$$libinit$$00000033  c_w.l(libinit2.o)
    0x0800024e   0x0800024e   0x00000002   Code   RO         5222    .ARM.Collect$$libshutdown$$00000000  c_w.l(libshutdown.o)
    0x08000250   0x08000250   0x00000000   Code   RO         5232    .ARM.Collect$$libshutdown$$00000002  c_w.l(libshutdown2.o)
    0x08000250   0x08000250   0x00000000   Code   RO         5234    .ARM.Collect$$libshutdown$$00000004  c_w.l(libshutdown2.o)
    0x08000250   0x08000250   0x00000000   Code   RO         5237    .ARM.Collect$$libshutdown$$00000007  c_w.l(libshutdown2.o)
    0x08000250   0x08000250   0x00000000   Code   RO         5240    .ARM.Collect$$libshutdown$$0000000A  c_w.l(libshutdown2.o)
    0x08000250   0x08000250   0x00000000   Code   RO         5242    .ARM.Collect$$libshutdown$$0000000C  c_w.l(libshutdown2.o)
    0x08000250   0x08000250   0x00000000   Code   RO         5245    .ARM.Collect$$libshutdown$$0000000F  c_w.l(libshutdown2.o)
    0x08000250   0x08000250   0x00000002   Code   RO         5246    .ARM.Collect$$libshutdown$$00000010  c_w.l(libshutdown2.o)
    0x08000252   0x08000252   0x00000000   Code   RO         5073    .ARM.Collect$$rtentry$$00000000  c_w.l(__rtentry.o)
    0x08000252   0x08000252   0x00000000   Code   RO         5093    .ARM.Collect$$rtentry$$00000002  c_w.l(__rtentry2.o)
    0x08000252   0x08000252   0x00000006   Code   RO         5105    .ARM.Collect$$rtentry$$00000004  c_w.l(__rtentry4.o)
    0x08000258   0x08000258   0x00000000   Code   RO         5095    .ARM.Collect$$rtentry$$00000009  c_w.l(__rtentry2.o)
    0x08000258   0x08000258   0x00000004   Code   RO         5096    .ARM.Collect$$rtentry$$0000000A  c_w.l(__rtentry2.o)
    0x0800025c   0x0800025c   0x00000000   Code   RO         5098    .ARM.Collect$$rtentry$$0000000C  c_w.l(__rtentry2.o)
    0x0800025c   0x0800025c   0x00000008   Code   RO         5099    .ARM.Collect$$rtentry$$0000000D  c_w.l(__rtentry2.o)
    0x08000264   0x08000264   0x00000002   Code   RO         5140    .ARM.Collect$$rtexit$$00000000  c_w.l(rtexit.o)
    0x08000266   0x08000266   0x00000000   Code   RO         5192    .ARM.Collect$$rtexit$$00000002  c_w.l(rtexit2.o)
    0x08000266   0x08000266   0x00000004   Code   RO         5193    .ARM.Collect$$rtexit$$00000003  c_w.l(rtexit2.o)
    0x0800026a   0x0800026a   0x00000006   Code   RO         5194    .ARM.Collect$$rtexit$$00000004  c_w.l(rtexit2.o)
    0x08000270   0x08000270   0x000000be   Code   RO         4629    .emb_text           port.o
    0x0800032e   0x0800032e   0x00000002   PAD
    0x08000330   0x08000330   0x00000040   Code   RO            4    .text               startup_stm32f407xx.o
    0x08000370   0x08000370   0x000000ee   Code   RO         5021    .text               c_w.l(lludivv7m.o)
    0x0800045e   0x0800045e   0x00000002   PAD
    0x08000460   0x08000460   0x00000028   Code   RO         5025    .text               c_w.l(noretval__2sprintf.o)
    0x08000488   0x08000488   0x00000068   Code   RO         5027    .text               c_w.l(__printf.o)
    0x080004f0   0x080004f0   0x00000078   Code   RO         5029    .text               c_w.l(_printf_dec.o)
    0x08000568   0x08000568   0x00000016   Code   RO         5053    .text               c_w.l(abort.o)
    0x0800057e   0x0800057e   0x00000024   Code   RO         5055    .text               c_w.l(strstr.o)
    0x080005a2   0x080005a2   0x0000008a   Code   RO         5057    .text               c_w.l(rt_memcpy_v6.o)
    0x0800062c   0x0800062c   0x00000064   Code   RO         5059    .text               c_w.l(rt_memcpy_w.o)
    0x08000690   0x08000690   0x00000044   Code   RO         5063    .text               c_w.l(rt_memclr.o)
    0x080006d4   0x080006d4   0x0000004e   Code   RO         5065    .text               c_w.l(rt_memclr_w.o)
    0x08000722   0x08000722   0x00000006   Code   RO         5067    .text               c_w.l(heapauxi.o)
    0x08000728   0x08000728   0x0000000c   Code   RO         5071    .text               c_w.l(sys_exit.o)
    0x08000734   0x08000734   0x000000b2   Code   RO         5078    .text               c_w.l(_printf_intcommon.o)
    0x080007e6   0x080007e6   0x00000002   PAD
    0x080007e8   0x080007e8   0x00000030   Code   RO         5080    .text               c_w.l(_printf_char_common.o)
    0x08000818   0x08000818   0x0000000a   Code   RO         5082    .text               c_w.l(_sputc.o)
    0x08000822   0x08000822   0x0000000e   Code   RO         5085    .text               c_w.l(defsig_abrt_outer.o)
    0x08000830   0x08000830   0x00000002   Code   RO         5089    .text               c_w.l(use_no_semi.o)
    0x08000832   0x08000832   0x00000000   Code   RO         5091    .text               c_w.l(indicate_semi.o)
    0x08000832   0x08000832   0x0000000a   Code   RO         5113    .text               c_w.l(defsig_exit.o)
    0x0800083c   0x0800083c   0x00000030   Code   RO         5115    .text               c_w.l(defsig_abrt_inner.o)
    0x0800086c   0x0800086c   0x0000004a   Code   RO         5117    .text               c_w.l(sys_stackheap_outer.o)
    0x080008b6   0x080008b6   0x00000012   Code   RO         5119    .text               c_w.l(exit.o)
    0x080008c8   0x080008c8   0x00000032   Code   RO         5123    .text               c_w.l(defsig_general.o)
    0x080008fa   0x080008fa   0x0000000e   Code   RO         5135    .text               c_w.l(sys_wrch.o)
    0x08000908   0x08000908   0x00000008   Code   RO         5137    .text               c_w.l(libspace.o)
    0x08000910   0x08000910   0x00000028   Code   RO          279    i.BleMainTask       freertos.o
    0x08000938   0x08000938   0x00000002   Code   RO          480    i.BusFault_Handler  stm32f4xx_it.o
    0x0800093a   0x0800093a   0x00000002   PAD
    0x0800093c   0x0800093c   0x0000000c   Code   RO          481    i.CAN1_RX0_IRQHandler  stm32f4xx_it.o
    0x08000948   0x08000948   0x0000000c   Code   RO          482    i.CAN2_RX0_IRQHandler  stm32f4xx_it.o
    0x08000954   0x08000954   0x00000054   Code   RO         4940    i.CANMultiInit      isotp_user.o
    0x080009a8   0x080009a8   0x0000000c   Code   RO          280    i.CANReqMainTask    freertos.o
    0x080009b4   0x080009b4   0x00000068   Code   RO         4784    i.CC2541_Send_CMD   bsp_usartx_cc2541.o
    0x08000a1c   0x08000a1c   0x00000064   Code   RO         4785    i.CC2541_Send_Data  bsp_usartx_cc2541.o
    0x08000a80   0x08000a80   0x00000002   Code   RO          483    i.DebugMon_Handler  stm32f4xx_it.o
    0x08000a82   0x08000a82   0x00000002   PAD
    0x08000a84   0x08000a84   0x00000078   Code   RO         4941    i.DescTask          isotp_user.o
    0x08000afc   0x08000afc   0x00000004   Code   RO           13    i.Error_Handler     main.o
    0x08000b00   0x08000b00   0x00000050   Code   RO         1186    i.FLASH_Erase_Sector  stm32f4xx_hal_flash_ex.o
    0x08000b50   0x08000b50   0x00000054   Code   RO         1187    i.FLASH_FlushCaches  stm32f4xx_hal_flash_ex.o
    0x08000ba4   0x08000ba4   0x00000028   Code   RO         1188    i.FLASH_MassErase   stm32f4xx_hal_flash_ex.o
    0x08000bcc   0x08000bcc   0x00000020   Code   RO         1068    i.FLASH_Program_Byte  stm32f4xx_hal_flash.o
    0x08000bec   0x08000bec   0x0000002c   Code   RO         1069    i.FLASH_Program_DoubleWord  stm32f4xx_hal_flash.o
    0x08000c18   0x08000c18   0x00000024   Code   RO         1070    i.FLASH_Program_HalfWord  stm32f4xx_hal_flash.o
    0x08000c3c   0x08000c3c   0x00000024   Code   RO         1071    i.FLASH_Program_Word  stm32f4xx_hal_flash.o
    0x08000c60   0x08000c60   0x00000068   Code   RO         1072    i.FLASH_SetErrorCode  stm32f4xx_hal_flash.o
    0x08000cc8   0x08000cc8   0x00000050   Code   RO         1073    i.FLASH_WaitForLastOperation  stm32f4xx_hal_flash.o
    0x08000d18   0x08000d18   0x00000024   Code   RO          679    i.HAL_CAN_ActivateNotification  stm32f4xx_hal_can.o
    0x08000d3c   0x08000d3c   0x000000c8   Code   RO          680    i.HAL_CAN_AddTxMessage  stm32f4xx_hal_can.o
    0x08000e04   0x08000e04   0x0000010c   Code   RO          681    i.HAL_CAN_ConfigFilter  stm32f4xx_hal_can.o
    0x08000f10   0x08000f10   0x00000002   Code   RO          684    i.HAL_CAN_ErrorCallback  stm32f4xx_hal_can.o
    0x08000f12   0x08000f12   0x000000e8   Code   RO          687    i.HAL_CAN_GetRxMessage  stm32f4xx_hal_can.o
    0x08000ffa   0x08000ffa   0x000001fc   Code   RO          691    i.HAL_CAN_IRQHandler  stm32f4xx_hal_can.o
    0x080011f6   0x080011f6   0x0000011a   Code   RO          692    i.HAL_CAN_Init      stm32f4xx_hal_can.o
    0x08001310   0x08001310   0x00000104   Code   RO          348    i.HAL_CAN_MspInit   can.o
    0x08001414   0x08001414   0x00000002   Code   RO          699    i.HAL_CAN_RxFifo0FullCallback  stm32f4xx_hal_can.o
    0x08001416   0x08001416   0x00000002   PAD
    0x08001418   0x08001418   0x000000ac   Code   RO         4942    i.HAL_CAN_RxFifo0MsgPendingCallback  isotp_user.o
    0x080014c4   0x080014c4   0x00000002   Code   RO          701    i.HAL_CAN_RxFifo1FullCallback  stm32f4xx_hal_can.o
    0x080014c6   0x080014c6   0x00000002   Code   RO          702    i.HAL_CAN_RxFifo1MsgPendingCallback  stm32f4xx_hal_can.o
    0x080014c8   0x080014c8   0x00000002   Code   RO          703    i.HAL_CAN_SleepCallback  stm32f4xx_hal_can.o
    0x080014ca   0x080014ca   0x00000002   PAD
    0x080014cc   0x080014cc   0x00000058   Code   RO          704    i.HAL_CAN_Start     stm32f4xx_hal_can.o
    0x08001524   0x08001524   0x00000002   Code   RO          706    i.HAL_CAN_TxMailbox0AbortCallback  stm32f4xx_hal_can.o
    0x08001526   0x08001526   0x00000002   Code   RO          707    i.HAL_CAN_TxMailbox0CompleteCallback  stm32f4xx_hal_can.o
    0x08001528   0x08001528   0x00000002   Code   RO          708    i.HAL_CAN_TxMailbox1AbortCallback  stm32f4xx_hal_can.o
    0x0800152a   0x0800152a   0x00000002   Code   RO          709    i.HAL_CAN_TxMailbox1CompleteCallback  stm32f4xx_hal_can.o
    0x0800152c   0x0800152c   0x00000002   Code   RO          710    i.HAL_CAN_TxMailbox2AbortCallback  stm32f4xx_hal_can.o
    0x0800152e   0x0800152e   0x00000002   Code   RO          711    i.HAL_CAN_TxMailbox2CompleteCallback  stm32f4xx_hal_can.o
    0x08001530   0x08001530   0x00000002   Code   RO          713    i.HAL_CAN_WakeUpFromRxMsgCallback  stm32f4xx_hal_can.o
    0x08001532   0x08001532   0x00000092   Code   RO         1374    i.HAL_DMA_Abort     stm32f4xx_hal_dma.o
    0x080015c4   0x080015c4   0x00000024   Code   RO         1375    i.HAL_DMA_Abort_IT  stm32f4xx_hal_dma.o
    0x080015e8   0x080015e8   0x00000024   Code   RO         1793    i.HAL_Delay         stm32f4xx_hal.o
    0x0800160c   0x0800160c   0x00000098   Code   RO         1189    i.HAL_FLASHEx_Erase  stm32f4xx_hal_flash_ex.o
    0x080016a4   0x080016a4   0x00000014   Code   RO         1077    i.HAL_FLASH_Lock    stm32f4xx_hal_flash.o
    0x080016b8   0x080016b8   0x0000007c   Code   RO         1082    i.HAL_FLASH_Program  stm32f4xx_hal_flash.o
    0x08001734   0x08001734   0x0000002c   Code   RO         1084    i.HAL_FLASH_Unlock  stm32f4xx_hal_flash.o
    0x08001760   0x08001760   0x000001f0   Code   RO         1267    i.HAL_GPIO_Init     stm32f4xx_hal_gpio.o
    0x08001950   0x08001950   0x0000000a   Code   RO         1269    i.HAL_GPIO_ReadPin  stm32f4xx_hal_gpio.o
    0x0800195a   0x0800195a   0x00000010   Code   RO         1270    i.HAL_GPIO_TogglePin  stm32f4xx_hal_gpio.o
    0x0800196a   0x0800196a   0x0000000a   Code   RO         1271    i.HAL_GPIO_WritePin  stm32f4xx_hal_gpio.o
    0x08001974   0x08001974   0x0000000c   Code   RO         1799    i.HAL_GetTick       stm32f4xx_hal.o
    0x08001980   0x08001980   0x00000010   Code   RO         1805    i.HAL_IncTick       stm32f4xx_hal.o
    0x08001990   0x08001990   0x00000034   Code   RO         1806    i.HAL_Init          stm32f4xx_hal.o
    0x080019c4   0x080019c4   0x00000074   Code   RO          586    i.HAL_InitTick      stm32f4xx_hal_timebase_tim.o
    0x08001a38   0x08001a38   0x00000038   Code   RO          562    i.HAL_MspInit       stm32f4xx_hal_msp.o
    0x08001a70   0x08001a70   0x0000001a   Code   RO         1656    i.HAL_NVIC_EnableIRQ  stm32f4xx_hal_cortex.o
    0x08001a8a   0x08001a8a   0x00000002   PAD
    0x08001a8c   0x08001a8c   0x00000040   Code   RO         1662    i.HAL_NVIC_SetPriority  stm32f4xx_hal_cortex.o
    0x08001acc   0x08001acc   0x00000024   Code   RO         1663    i.HAL_NVIC_SetPriorityGrouping  stm32f4xx_hal_cortex.o
    0x08001af0   0x08001af0   0x00000134   Code   RO          913    i.HAL_RCC_ClockConfig  stm32f4xx_hal_rcc.o
    0x08001c24   0x08001c24   0x00000040   Code   RO          917    i.HAL_RCC_GetClockConfig  stm32f4xx_hal_rcc.o
    0x08001c64   0x08001c64   0x00000020   Code   RO          920    i.HAL_RCC_GetPCLK1Freq  stm32f4xx_hal_rcc.o
    0x08001c84   0x08001c84   0x00000020   Code   RO          921    i.HAL_RCC_GetPCLK2Freq  stm32f4xx_hal_rcc.o
    0x08001ca4   0x08001ca4   0x00000060   Code   RO          922    i.HAL_RCC_GetSysClockFreq  stm32f4xx_hal_rcc.o
    0x08001d04   0x08001d04   0x0000036c   Code   RO          925    i.HAL_RCC_OscConfig  stm32f4xx_hal_rcc.o
    0x08002070   0x08002070   0x00000002   Code   RO         2750    i.HAL_TIMEx_BreakCallback  stm32f4xx_hal_tim_ex.o
    0x08002072   0x08002072   0x00000002   Code   RO         2751    i.HAL_TIMEx_CommutCallback  stm32f4xx_hal_tim_ex.o
    0x08002074   0x08002074   0x0000005a   Code   RO         2046    i.HAL_TIM_Base_Init  stm32f4xx_hal_tim.o
    0x080020ce   0x080020ce   0x00000002   Code   RO         2048    i.HAL_TIM_Base_MspInit  stm32f4xx_hal_tim.o
    0x080020d0   0x080020d0   0x00000080   Code   RO         2051    i.HAL_TIM_Base_Start_IT  stm32f4xx_hal_tim.o
    0x08002150   0x08002150   0x00000002   Code   RO         2080    i.HAL_TIM_IC_CaptureCallback  stm32f4xx_hal_tim.o
    0x08002152   0x08002152   0x00000166   Code   RO         2094    i.HAL_TIM_IRQHandler  stm32f4xx_hal_tim.o
    0x080022b8   0x080022b8   0x00000002   Code   RO         2097    i.HAL_TIM_OC_DelayElapsedCallback  stm32f4xx_hal_tim.o
    0x080022ba   0x080022ba   0x00000002   Code   RO         2124    i.HAL_TIM_PWM_PulseFinishedCallback  stm32f4xx_hal_tim.o
    0x080022bc   0x080022bc   0x00000014   Code   RO           14    i.HAL_TIM_PeriodElapsedCallback  main.o
    0x080022d0   0x080022d0   0x00000002   Code   RO         2137    i.HAL_TIM_TriggerCallback  stm32f4xx_hal_tim.o
    0x080022d2   0x080022d2   0x00000002   Code   RO         3028    i.HAL_UARTEx_RxEventCallback  stm32f4xx_hal_uart.o
    0x080022d4   0x080022d4   0x00000002   Code   RO         3042    i.HAL_UART_ErrorCallback  stm32f4xx_hal_uart.o
    0x080022d6   0x080022d6   0x00000002   PAD
    0x080022d8   0x080022d8   0x00000268   Code   RO         3045    i.HAL_UART_IRQHandler  stm32f4xx_hal_uart.o
    0x08002540   0x08002540   0x00000062   Code   RO         3046    i.HAL_UART_Init     stm32f4xx_hal_uart.o
    0x080025a2   0x080025a2   0x00000002   PAD
    0x080025a4   0x080025a4   0x0000007c   Code   RO          439    i.HAL_UART_MspInit  usart.o
    0x08002620   0x08002620   0x0000002a   Code   RO         3051    i.HAL_UART_Receive_IT  stm32f4xx_hal_uart.o
    0x0800264a   0x0800264a   0x00000002   PAD
    0x0800264c   0x0800264c   0x00000030   Code   RO         4786    i.HAL_UART_RxCpltCallback  bsp_usartx_cc2541.o
    0x0800267c   0x0800267c   0x000000b2   Code   RO         3054    i.HAL_UART_Transmit  stm32f4xx_hal_uart.o
    0x0800272e   0x0800272e   0x00000002   Code   RO         3057    i.HAL_UART_TxCpltCallback  stm32f4xx_hal_uart.o
    0x08002730   0x08002730   0x00000002   Code   RO          484    i.HardFault_Handler  stm32f4xx_it.o
    0x08002732   0x08002732   0x000000c2   Code   RO          281    i.LedControlMainTask  freertos.o
    0x080027f4   0x080027f4   0x00000048   Code   RO          349    i.MX_CAN1_Init      can.o
    0x0800283c   0x0800283c   0x00000044   Code   RO          350    i.MX_CAN2_Init      can.o
    0x08002880   0x08002880   0x00000068   Code   RO          282    i.MX_FREERTOS_Init  freertos.o
    0x080028e8   0x080028e8   0x000000b0   Code   RO          240    i.MX_GPIO_Init      gpio.o
    0x08002998   0x08002998   0x00000038   Code   RO          440    i.MX_USART1_UART_Init  usart.o
    0x080029d0   0x080029d0   0x00000002   Code   RO          485    i.MemManage_Handler  stm32f4xx_it.o
    0x080029d2   0x080029d2   0x00000002   Code   RO          486    i.NMI_Handler       stm32f4xx_it.o
    0x080029d4   0x080029d4   0x00000014   Code   RO          283    i.StartDefaultTask  freertos.o
    0x080029e8   0x080029e8   0x0000002c   Code   RO         4630    i.SysTick_Handler   port.o
    0x08002a14   0x08002a14   0x00000094   Code   RO           15    i.SystemClock_Config  main.o
    0x08002aa8   0x08002aa8   0x00000010   Code   RO         3375    i.SystemInit        system_stm32f4xx.o
    0x08002ab8   0x08002ab8   0x0000000c   Code   RO          487    i.TIM1_UP_TIM10_IRQHandler  stm32f4xx_it.o
    0x08002ac4   0x08002ac4   0x000000c8   Code   RO         2139    i.TIM_Base_SetConfig  stm32f4xx_hal_tim.o
    0x08002b8c   0x08002b8c   0x0000003c   Code   RO         4943    i.TpInit            isotp_user.o
    0x08002bc8   0x08002bc8   0x00000018   Code   RO         4944    i.TpTask            isotp_user.o
    0x08002be0   0x08002be0   0x00000010   Code   RO         3059    i.UART_DMAAbortOnError  stm32f4xx_hal_uart.o
    0x08002bf0   0x08002bf0   0x0000004e   Code   RO         3069    i.UART_EndRxTransfer  stm32f4xx_hal_uart.o
    0x08002c3e   0x08002c3e   0x000000c0   Code   RO         3071    i.UART_Receive_IT   stm32f4xx_hal_uart.o
    0x08002cfe   0x08002cfe   0x00000002   PAD
    0x08002d00   0x08002d00   0x0000010c   Code   RO         3072    i.UART_SetConfig    stm32f4xx_hal_uart.o
    0x08002e0c   0x08002e0c   0x00000036   Code   RO         3074    i.UART_Start_Receive_IT  stm32f4xx_hal_uart.o
    0x08002e42   0x08002e42   0x00000078   Code   RO         3075    i.UART_WaitOnFlagUntilTimeout  stm32f4xx_hal_uart.o
    0x08002eba   0x08002eba   0x00000002   PAD
    0x08002ebc   0x08002ebc   0x0000000c   Code   RO          488    i.USART1_IRQHandler  stm32f4xx_it.o
    0x08002ec8   0x08002ec8   0x00000002   Code   RO          489    i.UsageFault_Handler  stm32f4xx_it.o
    0x08002eca   0x08002eca   0x00000002   PAD
    0x08002ecc   0x08002ecc   0x00000024   Code   RO         4787    i.Usart_SendByte    bsp_usartx_cc2541.o
    0x08002ef0   0x08002ef0   0x00000016   Code   RO         4788    i.Usart_SendStr_length  bsp_usartx_cc2541.o
    0x08002f06   0x08002f06   0x00000016   Code   RO         4789    i.Usart_SendString  bsp_usartx_cc2541.o
    0x08002f1c   0x08002f1c   0x00000020   Code   RO         1669    i.__NVIC_SetPriority  stm32f4xx_hal_cortex.o
    0x08002f3c   0x08002f3c   0x0000004c   Code   RO         4790    i.calculateCheckSum  bsp_usartx_cc2541.o
    0x08002f88   0x08002f88   0x0000002c   Code   RO          625    i.checkBLEConnectStatus  ble_app.o
    0x08002fb4   0x08002fb4   0x00000020   Code   RO         4791    i.clean_rebuff      bsp_usartx_cc2541.o
    0x08002fd4   0x08002fd4   0x0000001c   Code   RO         4709    i.clearAllDtc       appobd.o
    0x08002ff0   0x08002ff0   0x0000003c   Code   RO         4710    i.copyDtcFromFlash  appobd.o
    0x0800302c   0x0800302c   0x00000044   Code   RO         4711    i.countDTC          appobd.o
    0x08003070   0x08003070   0x00000044   Code   RO         4712    i.countDTCNow       appobd.o
    0x080030b4   0x080030b4   0x00000044   Code   RO          626    i.enableBLE         ble_app.o
    0x080030f8   0x080030f8   0x00000014   Code   RO         4792    i.get_rebuff        bsp_usartx_cc2541.o
    0x0800310c   0x0800310c   0x00000034   Code   RO          351    i.initCANSndMsg     can.o
    0x08003140   0x08003140   0x00000032   Code   RO         4864    i.isotp_init_link   isotp.o
    0x08003172   0x08003172   0x00000002   PAD
    0x08003174   0x08003174   0x000001fc   Code   RO         4865    i.isotp_on_can_message  isotp.o
    0x08003370   0x08003370   0x00000098   Code   RO         4866    i.isotp_poll        isotp.o
    0x08003408   0x08003408   0x00000032   Code   RO         4867    i.isotp_receive     isotp.o
    0x0800343a   0x0800343a   0x00000002   PAD
    0x0800343c   0x0800343c   0x00000084   Code   RO         4868    i.isotp_receive_consecutive_frame  isotp.o
    0x080034c0   0x080034c0   0x000000e8   Code   RO         4869    i.isotp_receive_first_frame  isotp.o
    0x080035a8   0x080035a8   0x00000010   Code   RO         4870    i.isotp_send        isotp.o
    0x080035b8   0x080035b8   0x0000006e   Code   RO         4871    i.isotp_send_consecutive_frame  isotp.o
    0x08003626   0x08003626   0x00000038   Code   RO         4872    i.isotp_send_flow_control  isotp.o
    0x0800365e   0x0800365e   0x00000002   PAD
    0x08003660   0x08003660   0x00000180   Code   RO         4873    i.isotp_send_with_id  isotp.o
    0x080037e0   0x080037e0   0x00000002   Code   RO         4945    i.isotp_user_debug  isotp_user.o
    0x080037e2   0x080037e2   0x00000004   Code   RO         4946    i.isotp_user_get_ms  isotp_user.o
    0x080037e6   0x080037e6   0x00000002   PAD
    0x080037e8   0x080037e8   0x00000028   Code   RO         4947    i.isotp_user_send_can  isotp_user.o
    0x08003810   0x08003810   0x00000048   Code   RO           16    i.main              main.o
    0x08003858   0x08003858   0x0000000c   Code   RO         4195    i.makeFreeRtosPriority  cmsis_os.o
    0x08003864   0x08003864   0x00000070   Code   RO         4713    i.monitorDTC        appobd.o
    0x080038d4   0x080038d4   0x000002a4   Code   RO         4714    i.obdDiagReqHandler  appobd.o
    0x08003b78   0x08003b78   0x000000d4   Code   RO         4715    i.onRecvCommMessage  appobd.o
    0x08003c4c   0x08003c4c   0x0000000e   Code   RO         4197    i.osDelay           cmsis_os.o
    0x08003c5a   0x08003c5a   0x0000000a   Code   RO         4200    i.osKernelStart     cmsis_os.o
    0x08003c64   0x08003c64   0x00000054   Code   RO         4234    i.osThreadCreate    cmsis_os.o
    0x08003cb8   0x08003cb8   0x00000070   Code   RO         3877    i.prvAddCurrentTaskToDelayedList  tasks.o
    0x08003d28   0x08003d28   0x000000d0   Code   RO         3878    i.prvAddNewTaskToReadyList  tasks.o
    0x08003df8   0x08003df8   0x00000034   Code   RO         3879    i.prvDeleteTCB      tasks.o
    0x08003e2c   0x08003e2c   0x0000004c   Code   RO         4562    i.prvHeapInit       heap_4.o
    0x08003e78   0x08003e78   0x00000060   Code   RO         3880    i.prvIdleTask       tasks.o
    0x08003ed8   0x08003ed8   0x00000098   Code   RO         3881    i.prvInitialiseNewTask  tasks.o
    0x08003f70   0x08003f70   0x0000004c   Code   RO         4563    i.prvInsertBlockIntoFreeList  heap_4.o
    0x08003fbc   0x08003fbc   0x00000020   Code   RO         3882    i.prvResetNextTaskUnblockTime  tasks.o
    0x08003fdc   0x08003fdc   0x00000028   Code   RO         4631    i.prvTaskExitError  port.o
    0x08004004   0x08004004   0x000000dc   Code   RO         4564    i.pvPortMalloc      heap_4.o
    0x080040e0   0x080040e0   0x0000002c   Code   RO         4632    i.pxPortInitialiseStack  port.o
    0x0800410c   0x0800410c   0x0000004c   Code   RO          352    i.reqBMSData        can.o
    0x08004158   0x08004158   0x00000054   Code   RO         4716    i.saveDtcToFlash    appobd.o
    0x080041ac   0x080041ac   0x00000030   Code   RO          627    i.sendAllBLEMsg     ble_app.o
    0x080041dc   0x080041dc   0x00000058   Code   RO         4793    i.sendBLEMsg        bsp_usartx_cc2541.o
    0x08004234   0x08004234   0x00000078   Code   RO          241    i.toggleLeds        gpio.o
    0x080042ac   0x080042ac   0x000005a4   Code   RO          353    i.updateAQWowInfo   can.o
    0x08004850   0x08004850   0x00000228   Code   RO          354    i.updateBLEMsg      can.o
    0x08004a78   0x08004a78   0x00000058   Code   RO          355    i.updateGreenwayBatInfo  can.o
    0x08004ad0   0x08004ad0   0x00000380   Code   RO          356    i.updateGwInfo      can.o
    0x08004e50   0x08004e50   0x00000026   Code   RO         3513    i.uxListRemove      list.o
    0x08004e76   0x08004e76   0x00000002   PAD
    0x08004e78   0x08004e78   0x00000014   Code   RO          284    i.vApplicationGetIdleTaskMemory  freertos.o
    0x08004e8c   0x08004e8c   0x00000016   Code   RO         3514    i.vListInitialise   list.o
    0x08004ea2   0x08004ea2   0x00000006   Code   RO         3515    i.vListInitialiseItem  list.o
    0x08004ea8   0x08004ea8   0x00000030   Code   RO         3516    i.vListInsert       list.o
    0x08004ed8   0x08004ed8   0x00000018   Code   RO         3517    i.vListInsertEnd    list.o
    0x08004ef0   0x08004ef0   0x00000040   Code   RO         4634    i.vPortEnterCritical  port.o
    0x08004f30   0x08004f30   0x00000028   Code   RO         4635    i.vPortExitCritical  port.o
    0x08004f58   0x08004f58   0x00000064   Code   RO         4565    i.vPortFree         heap_4.o
    0x08004fbc   0x08004fbc   0x00000024   Code   RO         4636    i.vPortSetupTimerInterrupt  port.o
    0x08004fe0   0x08004fe0   0x0000004c   Code   RO         3891    i.vTaskDelay        tasks.o
    0x0800502c   0x0800502c   0x0000006c   Code   RO         3904    i.vTaskStartScheduler  tasks.o
    0x08005098   0x08005098   0x00000010   Code   RO         3906    i.vTaskSuspendAll   tasks.o
    0x080050a8   0x080050a8   0x0000005c   Code   RO         3907    i.vTaskSwitchContext  tasks.o
    0x08005104   0x08005104   0x000000f4   Code   RO         4638    i.xPortStartScheduler  port.o
    0x080051f8   0x080051f8   0x0000005a   Code   RO         3910    i.xTaskCreate       tasks.o
    0x08005252   0x08005252   0x00000056   Code   RO         3911    i.xTaskCreateStatic  tasks.o
    0x080052a8   0x080052a8   0x000000cc   Code   RO         3918    i.xTaskIncrementTick  tasks.o
    0x08005374   0x08005374   0x000000c4   Code   RO         3924    i.xTaskResumeAll    tasks.o
    0x08005438   0x08005438   0x0000000a   Code   RO         5214    x$fpl$fpinit        fz_wm.l(fpinit.o)
    0x08005442   0x08005442   0x00000002   PAD
    0x08005444   0x08005444   0x00000070   Data   RO          286    .constdata          freertos.o
    0x080054b4   0x080054b4   0x00000010   Data   RO         3376    .constdata          system_stm32f4xx.o
    0x080054c4   0x080054c4   0x00000008   Data   RO         3377    .constdata          system_stm32f4xx.o
    0x080054cc   0x080054cc   0x00000028   Data   RO          287    .conststring        freertos.o
    0x080054f4   0x080054f4   0x00000051   Data   RO         4874    .conststring        isotp.o
    0x08005545   0x08005545   0x00000003   PAD
    0x08005548   0x08005548   0x00000020   Data   RO         5247    Region$$Table       anon$$obj.o


    Execution Region RW_IRAM2 (Exec base: 0x10000000, Load base: 0x080055e4, Size: 0x00000000, Max: 0x00010000, ABSOLUTE)

    **** No section assigned to this execution region ****


    Execution Region RW_IRAM1 (Exec base: 0x20000000, Load base: 0x08005568, Size: 0x00004de0, Max: 0x00020000, ABSOLUTE, COMPRESSED[0x0000007c])

    Exec Addr    Load Addr    Size         Type   Attr      Idx    E Section Name        Object

    0x20000000   COMPRESSED   0x00000001   Data   RW           17    .data               main.o
    0x20000001   COMPRESSED   0x00000003   PAD
    0x20000004   COMPRESSED   0x00000010   Data   RW          288    .data               freertos.o
    0x20000014   COMPRESSED   0x00000058   Data   RW          360    .data               can.o
    0x2000006c   COMPRESSED   0x0000003a   Data   RW          630    .data               ble_app.o
    0x200000a6   COMPRESSED   0x00000002   PAD
    0x200000a8   COMPRESSED   0x0000000c   Data   RW         1813    .data               stm32f4xx_hal.o
    0x200000b4   COMPRESSED   0x00000004   Data   RW         3378    .data               system_stm32f4xx.o
    0x200000b8   COMPRESSED   0x0000003c   Data   RW         3927    .data               tasks.o
    0x200000f4   COMPRESSED   0x00000020   Data   RW         4571    .data               heap_4.o
    0x20000114   COMPRESSED   0x0000000c   Data   RW         4639    .data               port.o
    0x20000120   COMPRESSED   0x00000031   Data   RW         4720    .data               appobd.o
    0x20000151   COMPRESSED   0x00000001   PAD
    0x20000152   COMPRESSED   0x00000006   Data   RW         4795    .data               bsp_usartx_cc2541.o
    0x20000158   COMPRESSED   0x00000002   Data   RW         4796    .data               bsp_usartx_cc2541.o
    0x2000015a   COMPRESSED   0x00000002   PAD
    0x2000015c   COMPRESSED   0x00000024   Data   RW         4949    .data               isotp_user.o
    0x20000180   COMPRESSED   0x00000004   Data   RW         4953    .data               isotp_user.o
    0x20000184        -       0x00000254   Zero   RW          285    .bss                freertos.o
    0x200003d8        -       0x00000274   Zero   RW          357    .bss                can.o
    0x2000064c        -       0x00000044   Zero   RW          441    .bss                usart.o
    0x20000690        -       0x00000048   Zero   RW          589    .bss                stm32f4xx_hal_timebase_tim.o
    0x200006d8        -       0x00000020   Zero   RW         1085    .bss                stm32f4xx_hal_flash.o
    0x200006f8        -       0x000000f0   Zero   RW         3926    .bss                tasks.o
    0x200007e8        -       0x00003c00   Zero   RW         4570    .bss                heap_4.o
    0x200043e8        -       0x000000c8   Zero   RW         4718    .bss                appobd.o
    0x200044b0        -       0x00000028   Zero   RW         4794    .bss                bsp_usartx_cc2541.o
    0x200044d8        -       0x000002a8   Zero   RW         4948    .bss                isotp_user.o
    0x20004780        -       0x00000060   Zero   RW         5138    .bss                c_w.l(libspace.o)
    0x200047e0        -       0x00000200   Zero   RW            2    HEAP                startup_stm32f407xx.o
    0x200049e0        -       0x00000400   Zero   RW            1    STACK               startup_stm32f407xx.o


==============================================================================

Image component sizes


      Code (inc. data)   RO Data    RW Data    ZI Data      Debug   Object Name

      1308         96          0         49        200       7300   appobd.o
       160         34          0         58          0       2676   ble_app.o
       548         90          0          8         40       7246   bsp_usartx_cc2541.o
      3508        192          0         88        628      10843   can.o
       120          0          0          0          0      23281   cmsis_os.o
         0          0          0          0          0      16884   event_groups.o
       390         16        152         16        596       4451   freertos.o
       296         32          0          0          0       1588   gpio.o
       472         24          0         32      15360       7407   heap_4.o
      1690        366         81          0          0       9464   isotp.o
       506         52          0         40        680       5928   isotp_user.o
       138          0          0          0          0       3534   list.o
       244         24          0          1          0     746300   main.o
       702         72          0         12          0      10976   port.o
        64         26        392          0       1536        844   startup_stm32f407xx.o
       116         18          0         12          0       8710   stm32f4xx_hal.o
      1638          6          0          0          0      14243   stm32f4xx_hal_can.o
       158         14          0          0          0      33146   stm32f4xx_hal_cortex.o
       182          0          0          0          0       2099   stm32f4xx_hal_dma.o
       520         66          0          0         32       6582   stm32f4xx_hal_flash.o
       356         24          0          0          0       3990   stm32f4xx_hal_flash_ex.o
       532         46          0          0          0       3496   stm32f4xx_hal_gpio.o
        56          4          0          0          0        866   stm32f4xx_hal_msp.o
      1408         82          0          0          0       5889   stm32f4xx_hal_rcc.o
       786         72          0          0          0       7344   stm32f4xx_hal_tim.o
         4          0          0          0          0       1597   stm32f4xx_hal_tim_ex.o
       116         16          0          0         72       1419   stm32f4xx_hal_timebase_tim.o
      1668         16          0          0          0      11344   stm32f4xx_hal_uart.o
        60         24          0          0          0       4664   stm32f4xx_it.o
         0          0          0          0          0        392   stream_buffer.o
        16          4         24          4          0       1127   system_stm32f4xx.o
      1520        112          0         60        240      19462   tasks.o
       180         22          0          0         68       1714   usart.o

    ----------------------------------------------------------------------
     19496       1550        684        388      19452     986806   Object Totals
         0          0         32          0          0          0   (incl. Generated)
        34          0          3          8          0          0   (incl. Padding)

    ----------------------------------------------------------------------

      Code (inc. data)   RO Data    RW Data    ZI Data      Debug   Library Member Name

        90          0          0          0          0          0   __dczerorl2.o
         8          0          0          0          0         68   __main.o
       104          0          0          0          0         84   __printf.o
         0          0          0          0          0          0   __rtentry.o
        12          0          0          0          0          0   __rtentry2.o
         6          0          0          0          0          0   __rtentry4.o
        52          8          0          0          0          0   __scatter.o
        28          0          0          0          0          0   __scatter_zi.o
        48          6          0          0          0         96   _printf_char_common.o
         6          0          0          0          0          0   _printf_d.o
       120         16          0          0          0         92   _printf_dec.o
       178          0          0          0          0         88   _printf_intcommon.o
         0          0          0          0          0          0   _printf_percent.o
         4          0          0          0          0          0   _printf_percent_end.o
        10          0          0          0          0         68   _sputc.o
        22          0          0          0          0         80   abort.o
        48         34          0          0          0         76   defsig_abrt_inner.o
        14          0          0          0          0         80   defsig_abrt_outer.o
        10          0          0          0          0         68   defsig_exit.o
        50          0          0          0          0         88   defsig_general.o
        18          0          0          0          0         80   exit.o
         6          0          0          0          0        152   heapauxi.o
         0          0          0          0          0          0   indicate_semi.o
         2          0          0          0          0          0   libinit.o
         6          0          0          0          0          0   libinit2.o
         2          0          0          0          0          0   libshutdown.o
         2          0          0          0          0          0   libshutdown2.o
         8          4          0          0         96         68   libspace.o
       238          0          0          0          0        100   lludivv7m.o
        40          6          0          0          0         84   noretval__2sprintf.o
        68          0          0          0          0         68   rt_memclr.o
        78          0          0          0          0         80   rt_memclr_w.o
       138          0          0          0          0         68   rt_memcpy_v6.o
       100          0          0          0          0         80   rt_memcpy_w.o
         2          0          0          0          0          0   rtexit.o
        10          0          0          0          0          0   rtexit2.o
        36          0          0          0          0         80   strstr.o
        12          4          0          0          0         68   sys_exit.o
        74          0          0          0          0         80   sys_stackheap_outer.o
        14          0          0          0          0         76   sys_wrch.o
         2          0          0          0          0         68   use_no_semi.o
        10          0          0          0          0        116   fpinit.o

    ----------------------------------------------------------------------
      1684         78          0          0         96       2156   Library Totals
         8          0          0          0          0          0   (incl. Padding)

    ----------------------------------------------------------------------

      Code (inc. data)   RO Data    RW Data    ZI Data      Debug   Library Name

      1666         78          0          0         96       2040   c_w.l
        10          0          0          0          0        116   fz_wm.l

    ----------------------------------------------------------------------
      1684         78          0          0         96       2156   Library Totals

    ----------------------------------------------------------------------

==============================================================================


      Code (inc. data)   RO Data    RW Data    ZI Data      Debug   

     21180       1628        684        388      19548     969870   Grand Totals
     21180       1628        684        124      19548     969870   ELF Image Totals (compressed)
     21180       1628        684        124          0          0   ROM Totals

==============================================================================

    Total RO  Size (Code + RO Data)                21864 (  21.35kB)
    Total RW  Size (RW Data + ZI Data)             19936 (  19.47kB)
    Total ROM Size (Code + RO Data + RW Data)      21988 (  21.47kB)

==============================================================================

