<html>
<body>
<pre>
<h1>µVision Build Log</h1>
<h2>Tool Versions:</h2>
IDE-Version: µVision V5.30.0.0
Copyright (C) 2020 ARM Ltd and ARM Germany GmbH. All rights reserved.
License Information: bosch BOSCH BOSCH Flex license: MDK Essential 5.30 (Flex): 1 user(s) (mdk_essential) Support: May 2021
 
Tool Versions:
Toolchain:       MDK Essential 5.30 (Flex): 1 user(s)  Version: 5.30.0.0
Toolchain Path:  C:\Keil_v5\ARM\ARMCC\Bin
C Compiler:      Armcc.exe V5.06 update 6 (build 750)
Assembler:       Armasm.exe V5.06 update 6 (build 750)
Linker/Locator:  ArmLink.exe V5.06 update 6 (build 750)
Library Manager: ArmAr.exe V5.06 update 6 (build 750)
Hex Converter:   FromElf.exe V5.06 update 6 (build 750)
CPU DLL:         SARMCM3.DLL V5.30.0.0
Dialog DLL:      DCM.DLL V1.17.3.0
Target DLL:      STLink\ST-LINKIII-KEIL_SWO.dll V3.0.7.0
Dialog DLL:      TCM.DLL V1.42.0.0
 
<h2>Project:</h2>
C:\workfile\Tbox\ble_obd\BLE_OBD_F4\MDK-ARM\BLE_OBD.uvprojx
Project File Date:  10/11/2022

<h2>Output:</h2>
*** Using Compiler 'V5.06 update 6 (build 750)', folder: 'C:\Keil_v5\ARM\ARMCC\Bin'
Build target 'BLE_OBD'
compiling freertos.c...
../Core/Inc/ble_app.h(5): warning:  #1295-D: Deprecated declaration sendAllBLEMsg - give arg types
  void sendAllBLEMsg();
../Core/Inc/ble_app.h(8): warning:  #1295-D: Deprecated declaration enableBLE - give arg types
  void enableBLE();
../Core/Inc/ble_app.h(9): warning:  #1295-D: Deprecated declaration sendAllBLEMsg - give arg types
  void sendAllBLEMsg();
../Core/Inc/appOBD.h(12): warning:  #1-D: last line of file ends without a newline
  void monitorDTC();
../Core/Inc/appOBD.h(12): warning:  #1295-D: Deprecated declaration monitorDTC - give arg types
  void monitorDTC();
../Core/Src/freertos.c: 5 warnings, 0 errors
compiling appOBD.c...
../Core/Inc/appOBD.h(12): warning:  #1-D: last line of file ends without a newline
  void monitorDTC();
../Core/Inc/appOBD.h(12): warning:  #1295-D: Deprecated declaration monitorDTC - give arg types
  void monitorDTC();
..\Core\Src\appOBD.c: 2 warnings, 0 errors
linking...
Program Size: Code=21180 RO-data=684 RW-data=388 ZI-data=19548  
FromELF: creating hex file...
"BLE_OBD\BLE_OBD.axf" - 0 Error(s), 7 Warning(s).

<h2>Software Packages used:</h2>

Package Vendor: ARM
                http://www.keil.com/pack/ARM.CMSIS.5.9.0.pack
                ARM.CMSIS.5.9.0
                CMSIS (Common Microcontroller Software Interface Standard)
   * Component: CORE Version: 5.6.0

Package Vendor: Keil
                http://www.keil.com/pack/Keil.STM32F4xx_DFP.2.15.0.pack
                Keil.STM32F4xx_DFP.2.15.0
                STMicroelectronics STM32F4 Series Device Support, Drivers and Examples

<h2>Collection of Component include folders:</h2>
  .\RTE\_BLE_OBD
  C:\Users\zaa6wx\AppData\Local\Arm\Packs\ARM\CMSIS\5.9.0\CMSIS\Core\Include
  C:\Users\zaa6wx\AppData\Local\Arm\Packs\Keil\STM32F4xx_DFP\2.15.0\Drivers\CMSIS\Device\ST\STM32F4xx\Include

<h2>Collection of Component Files used:</h2>

   * Component: ARM::CMSIS:CORE:5.6.0
      Include file:  CMSIS\Core\Include\tz_context.h
Build Time Elapsed:  00:00:04
</pre>
</body>
</html>
